Archive member included to satisfy reference by file (symbol)

c:/progra~2/armgnu~1/12dbab~1.2re/bin/../lib/gcc/arm-none-eabi/12.2.1/thumb/v6-m/nofp\libgcc.a(_dvmd_tls.o)
                              CMakeFiles/your_project.dir/C_/Users/kanuk/clone/pico-sdk/src/rp2_common/pico_divider/divider.S.obj (__aeabi_idiv0)
c:/progra~2/armgnu~1/12dbab~1.2re/bin/../lib/gcc/arm-none-eabi/12.2.1/thumb/v6-m/nofp\libc.a(libc_a-calloc.o)
                              CMakeFiles/your_project.dir/C_/Users/kanuk/clone/pico-sdk/src/rp2_common/pico_malloc/pico_malloc.c.obj (calloc)
c:/progra~2/armgnu~1/12dbab~1.2re/bin/../lib/gcc/arm-none-eabi/12.2.1/thumb/v6-m/nofp\libc.a(libc_a-callocr.o)
                              c:/progra~2/armgnu~1/12dbab~1.2re/bin/../lib/gcc/arm-none-eabi/12.2.1/thumb/v6-m/nofp\libc.a(libc_a-calloc.o) (_calloc_r)
c:/progra~2/armgnu~1/12dbab~1.2re/bin/../lib/gcc/arm-none-eabi/12.2.1/thumb/v6-m/nofp\libc.a(libc_a-malloc.o)
                              CMakeFiles/your_project.dir/C_/Users/kanuk/clone/pico-sdk/src/rp2_common/pico_malloc/pico_malloc.c.obj (malloc)
c:/progra~2/armgnu~1/12dbab~1.2re/bin/../lib/gcc/arm-none-eabi/12.2.1/thumb/v6-m/nofp\libc.a(libc_a-mallocr.o)
                              c:/progra~2/armgnu~1/12dbab~1.2re/bin/../lib/gcc/arm-none-eabi/12.2.1/thumb/v6-m/nofp\libc.a(libc_a-callocr.o) (_malloc_r)
c:/progra~2/armgnu~1/12dbab~1.2re/bin/../lib/gcc/arm-none-eabi/12.2.1/thumb/v6-m/nofp\libc.a(libc_a-mlock.o)
                              c:/progra~2/armgnu~1/12dbab~1.2re/bin/../lib/gcc/arm-none-eabi/12.2.1/thumb/v6-m/nofp\libc.a(libc_a-mallocr.o) (__malloc_lock)
c:/progra~2/armgnu~1/12dbab~1.2re/bin/../lib/gcc/arm-none-eabi/12.2.1/thumb/v6-m/nofp\libc.a(libc_a-realloc.o)
                              CMakeFiles/your_project.dir/C_/Users/kanuk/clone/pico-sdk/src/rp2_common/pico_malloc/pico_malloc.c.obj (realloc)
c:/progra~2/armgnu~1/12dbab~1.2re/bin/../lib/gcc/arm-none-eabi/12.2.1/thumb/v6-m/nofp\libc.a(libc_a-reallocr.o)
                              c:/progra~2/armgnu~1/12dbab~1.2re/bin/../lib/gcc/arm-none-eabi/12.2.1/thumb/v6-m/nofp\libc.a(libc_a-realloc.o) (_realloc_r)
c:/progra~2/armgnu~1/12dbab~1.2re/bin/../lib/gcc/arm-none-eabi/12.2.1/thumb/v6-m/nofp\libc.a(libc_a-fflush.o)
                              CMakeFiles/your_project.dir/main.cpp.obj (fflush)
c:/progra~2/armgnu~1/12dbab~1.2re/bin/../lib/gcc/arm-none-eabi/12.2.1/thumb/v6-m/nofp\libc.a(libc_a-findfp.o)
                              c:/progra~2/armgnu~1/12dbab~1.2re/bin/../lib/gcc/arm-none-eabi/12.2.1/thumb/v6-m/nofp\libc.a(libc_a-fflush.o) (__sglue)
c:/progra~2/armgnu~1/12dbab~1.2re/bin/../lib/gcc/arm-none-eabi/12.2.1/thumb/v6-m/nofp\libc.a(libc_a-fwalk.o)
                              c:/progra~2/armgnu~1/12dbab~1.2re/bin/../lib/gcc/arm-none-eabi/12.2.1/thumb/v6-m/nofp\libc.a(libc_a-fflush.o) (_fwalk_sglue)
c:/progra~2/armgnu~1/12dbab~1.2re/bin/../lib/gcc/arm-none-eabi/12.2.1/thumb/v6-m/nofp\libc.a(libc_a-stdio.o)
                              c:/progra~2/armgnu~1/12dbab~1.2re/bin/../lib/gcc/arm-none-eabi/12.2.1/thumb/v6-m/nofp\libc.a(libc_a-findfp.o) (__sread)
c:/progra~2/armgnu~1/12dbab~1.2re/bin/../lib/gcc/arm-none-eabi/12.2.1/thumb/v6-m/nofp\libc.a(libc_a-memmove.o)
                              c:/progra~2/armgnu~1/12dbab~1.2re/bin/../lib/gcc/arm-none-eabi/12.2.1/thumb/v6-m/nofp\libc.a(libc_a-reallocr.o) (memmove)
c:/progra~2/armgnu~1/12dbab~1.2re/bin/../lib/gcc/arm-none-eabi/12.2.1/thumb/v6-m/nofp\libc.a(libc_a-closer.o)
                              c:/progra~2/armgnu~1/12dbab~1.2re/bin/../lib/gcc/arm-none-eabi/12.2.1/thumb/v6-m/nofp\libc.a(libc_a-stdio.o) (_close_r)
c:/progra~2/armgnu~1/12dbab~1.2re/bin/../lib/gcc/arm-none-eabi/12.2.1/thumb/v6-m/nofp\libc.a(libc_a-reent.o)
                              c:/progra~2/armgnu~1/12dbab~1.2re/bin/../lib/gcc/arm-none-eabi/12.2.1/thumb/v6-m/nofp\libc.a(libc_a-closer.o) (errno)
c:/progra~2/armgnu~1/12dbab~1.2re/bin/../lib/gcc/arm-none-eabi/12.2.1/thumb/v6-m/nofp\libc.a(libc_a-impure.o)
                              CMakeFiles/your_project.dir/main.cpp.obj (_impure_ptr)
c:/progra~2/armgnu~1/12dbab~1.2re/bin/../lib/gcc/arm-none-eabi/12.2.1/thumb/v6-m/nofp\libc.a(libc_a-lseekr.o)
                              c:/progra~2/armgnu~1/12dbab~1.2re/bin/../lib/gcc/arm-none-eabi/12.2.1/thumb/v6-m/nofp\libc.a(libc_a-stdio.o) (_lseek_r)
c:/progra~2/armgnu~1/12dbab~1.2re/bin/../lib/gcc/arm-none-eabi/12.2.1/thumb/v6-m/nofp\libc.a(libc_a-readr.o)
                              c:/progra~2/armgnu~1/12dbab~1.2re/bin/../lib/gcc/arm-none-eabi/12.2.1/thumb/v6-m/nofp\libc.a(libc_a-stdio.o) (_read_r)
c:/progra~2/armgnu~1/12dbab~1.2re/bin/../lib/gcc/arm-none-eabi/12.2.1/thumb/v6-m/nofp\libc.a(libc_a-sbrkr.o)
                              c:/progra~2/armgnu~1/12dbab~1.2re/bin/../lib/gcc/arm-none-eabi/12.2.1/thumb/v6-m/nofp\libc.a(libc_a-mallocr.o) (_sbrk_r)
c:/progra~2/armgnu~1/12dbab~1.2re/bin/../lib/gcc/arm-none-eabi/12.2.1/thumb/v6-m/nofp\libc.a(libc_a-writer.o)
[...]
Memory Configuration

Name             Origin             Length             Attributes
FLASH            0x10000000         0x00200000         xr
RAM              0x20000000         0x00040000         xrw
SCRATCH_X        0x20040000         0x00001000         xrw
SCRATCH_Y        0x20041000         0x00001000         xrw
*default*        0x00000000         0xffffffff

Linker script and memory map

LOAD c:/progra~2/armgnu~1/12dbab~1.2re/bin/../lib/gcc/arm-none-eabi/12.2.1/thumb/v6-m/nofp/crti.o
LOAD c:/progra~2/armgnu~1/12dbab~1.2re/bin/../lib/gcc/arm-none-eabi/12.2.1/thumb/v6-m/nofp/crtbegin.o
LOAD c:/progra~2/armgnu~1/12dbab~1.2re/bin/../lib/gcc/arm-none-eabi/12.2.1/thumb/v6-m/nofp/crt0.o

.flash_begin    0x10000000        0x0
                0x10000000                __flash_binary_start = .

.boot2          0x10000000      0x100
                0x10000000                __boot2_start__ = .
 *(.boot2)
 .boot2         0x10000000      0x100 C:\Users\kanuk\AppData\Local\Temp\ccCQMB1E.o
                0x10000100                __boot2_end__ = .
                0x00000001                ASSERT (((__boot2_end__ - __boot2_start__) == 0x100), ERROR: Pico second stage bootloader must be 256 bytes in size)

.text           0x10000100     0x7630
                0x10000100                __logical_binary_start = .
 *(.vectors)
 .vectors       0x10000100       0xd4 CMakeFiles/your_project.dir/C_/Users/kanuk/clone/pico-sdk/src/rp2_common/pico_standard_link/crt0.S.obj
                0x10000100                __VECTOR_TABLE
                0x10000100                __vectors
                0x100001c0                isr_invalid
                0x100001c0                __default_isrs_start
                0x100001c2                isr_nmi
                0x100001c4                isr_hardfault
                0x100001c6                isr_svcall
                0x100001c8                isr_pendsv
                0x100001ca                isr_systick
                0x100001cc                isr_irq23
                0x100001cc                isr_irq18
                0x100001cc                isr_irq11
                0x100001cc                isr_irq28
                0x100001cc                isr_irq19
                0x100001cc                isr_irq0
                0x100001cc                isr_irq6
                0x100001cc                isr_irq5
                0x100001cc                isr_irq12
                0x100001cc                isr_irq22
                0x100001cc                isr_irq31
                0x100001cc                isr_irq17
                0x100001cc                isr_irq27
                0x100001cc                isr_irq30
                0x100001cc                isr_irq2
                0x100001cc                isr_irq10
                0x100001cc                isr_irq8
                0x100001cc                isr_irq24
                0x100001cc                isr_irq1
                0x100001cc                isr_irq7
                0x100001cc                isr_irq21
                0x100001cc                isr_irq20
                0x100001cc                isr_irq15
                0x100001cc                isr_irq25
                0x100001cc                isr_irq13
                0x100001cc                __unhandled_user_irq
                0x100001cc                isr_irq4
                0x100001cc                isr_irq16
                0x100001cc                isr_irq29
                0x100001cc                isr_irq26
                0x100001cc                __default_isrs_end
                0x100001cc                isr_irq3
                0x100001cc                isr_irq14
                0x100001cc                isr_irq9
                0x100001d2                unhandled_user_irq_num_in_r0
 *(.binary_info_header)
 .binary_info_header
                0x100001d4       0x14 CMakeFiles/your_project.dir/C_/Users/kanuk/clone/pico-sdk/src/rp2_common/pico_standard_link/crt0.S.obj
                0x100001e8                __binary_info_header_end = .
 *(.reset)
 .reset         0x100001e8       0xa0 CMakeFiles/your_project.dir/C_/Users/kanuk/clone/pico-sdk/src/rp2_common/pico_standard_link/crt0.S.obj
                0x100001e8                _entry_point
 .reset         0x10000288       0x30 CMakeFiles/your_project.dir/C_/Users/kanuk/clone/pico-sdk/src/rp2_common/pico_standard_link/binary_info.c.obj
 *(.init)
 .init          0x100002b8        0x4 c:/progra~2/armgnu~1/12dbab~1.2re/bin/../lib/gcc/arm-none-eabi/12.2.1/thumb/v6-m/nofp/crti.o
                0x100002b8                _init
 *(EXCLUDE_FILE(*libm.a: *libc.a:*lib_a-mem*.o *libgcc.a:) .text*)
 .text.register_tm_clones
                0x100002bc       0x28 c:/progra~2/armgnu~1/12dbab~1.2re/bin/../lib/gcc/arm-none-eabi/12.2.1/thumb/v6-m/nofp/crtbegin.o
 .text.frame_dummy
                0x100002e4       0x24 c:/progra~2/armgnu~1/12dbab~1.2re/bin/../lib/gcc/arm-none-eabi/12.2.1/thumb/v6-m/nofp/crtbegin.o
 .text._ZL17i2c_slave_handlerP8i2c_inst17i2c_slave_event_t
                0x10000308       0x80 CMakeFiles/your_project.dir/main.cpp.obj
 .text.startup.main
                0x10000388      0x17c CMakeFiles/your_project.dir/main.cpp.obj
                0x10000388                main
 .text.gpio_set_function
                0x10000504       0x30 CMakeFiles/your_project.dir/C_/Users/kanuk/clone/pico-sdk/src/rp2_common/hardware_gpio/gpio.c.obj
                0x10000504                gpio_set_function
 .text.gpio_set_pulls
                0x10000534       0x24 CMakeFiles/your_project.dir/C_/Users/kanuk/clone/pico-sdk/src/rp2_common/hardware_gpio/gpio.c.obj
                0x10000534                gpio_set_pulls
 .text.gpio_init
                0x10000558       0x3c CMakeFiles/your_project.dir/C_/Users/kanuk/clone/pico-sdk/src/rp2_common/hardware_gpio/gpio.c.obj
                0x10000558                gpio_init
 .text.running_on_fpga
                0x10000594       0x10 CMakeFiles/your_project.dir/C_/Users/kanuk/clone/pico-sdk/src/rp2_common/pico_platform/platform.c.obj
                0x10000594                running_on_fpga
 .text.hw_claim_or_assert
                0x100005a4       0x44 CMakeFiles/your_project.dir/C_/Users/kanuk/clone/pico-sdk/src/rp2_common/hardware_claim/claim.c.obj
                0x100005a4                hw_claim_or_assert
 .text.hw_claim_unused_from_range
                0x100005e8       0x9c CMakeFiles/your_project.dir/C_/Users/kanuk/clone/pico-sdk/src/rp2_common/hardware_claim/claim.c.obj
                0x100005e8                hw_claim_unused_from_range
 .text.spin_locks_reset
                0x10000684       0x1c CMakeFiles/your_project.dir/C_/Users/kanuk/clone/pico-sdk/src/rp2_common/hardware_sync/sync.c.obj
                0x10000684                spin_locks_reset
 .text.next_striped_spin_lock_num
                0x100006a0       0x18 CMakeFiles/your_project.dir/C_/Users/kanuk/clone/pico-sdk/src/rp2_common/hardware_sync/sync.c.obj
                0x100006a0                next_striped_spin_lock_num
 .text.spin_lock_claim_unused
                0x100006b8       0x24 CMakeFiles/your_project.dir/C_/Users/kanuk/clone/pico-sdk/src/rp2_common/hardware_sync/sync.c.obj
                0x100006b8                spin_lock_claim_unused
 .text.irq_set_enabled
                0x100006dc       0x24 CMakeFiles/your_project.dir/C_/Users/kanuk/clone/pico-sdk/src/rp2_common/hardware_irq/irq.c.obj
                0x100006dc                irq_set_enabled
 .text.irq_set_pending
                0x10000700       0x10 CMakeFiles/your_project.dir/C_/Users/kanuk/clone/pico-sdk/src/rp2_common/hardware_irq/irq.c.obj
                0x10000700                irq_set_pending
 .text.irq_has_shared_handler
                0x10000710       0x2c CMakeFiles/your_project.dir/C_/Users/kanuk/clone/pico-sdk/src/rp2_common/hardware_irq/irq.c.obj
                0x10000710                irq_has_shared_handler
 .text.irq_get_vtable_handler
                0x1000073c       0x10 CMakeFiles/your_project.dir/C_/Users/kanuk/clone/pico-sdk/src/rp2_common/hardware_irq/irq.c.obj
                0x1000073c                irq_get_vtable_handler
 .text.irq_set_exclusive_handler
                0x1000074c       0x54 CMakeFiles/your_project.dir/C_/Users/kanuk/clone/pico-sdk/src/rp2_common/hardware_irq/irq.c.obj
                0x1000074c                irq_set_exclusive_handler
 .text.irq_add_shared_handler
                0x100007a0      0x1f4 CMakeFiles/your_project.dir/C_/Users/kanuk/clone/pico-sdk/src/rp2_common/hardware_irq/irq.c.obj
                0x100007a0                irq_add_shared_handler
 .text.irq_remove_handler
                0x10000994      0x1c4 CMakeFiles/your_project.dir/C_/Users/kanuk/clone/pico-sdk/src/rp2_common/hardware_irq/irq.c.obj
                0x10000994                irq_remove_handler
 .text.irq_add_tail_to_free_list
                0x10000b58       0xb4 CMakeFiles/your_project.dir/C_/Users/kanuk/clone/pico-sdk/src/rp2_common/hardware_irq/irq.c.obj
                0x10000b58                irq_add_tail_to_free_list
 .text.irq_init_priorities
                0x10000c0c       0x24 CMakeFiles/your_project.dir/C_/Users/kanuk/clone/pico-sdk/src/rp2_common/hardware_irq/irq.c.obj
                0x10000c0c                irq_init_priorities
 .text.user_irq_claim_unused
                0x10000c30       0x2c CMakeFiles/your_project.dir/C_/Users/kanuk/clone/pico-sdk/src/rp2_common/hardware_irq/irq.c.obj
                0x10000c30                user_irq_claim_unused
 .text.lock_init
                0x10000c5c       0x10 CMakeFiles/your_project.dir/C_/Users/kanuk/clone/pico-sdk/src/common/pico_sync/lock_core.c.obj
                0x10000c5c                lock_init
 .text.mutex_init
                0x10000c6c       0x1c CMakeFiles/your_project.dir/C_/Users/kanuk/clone/pico-sdk/src/common/pico_sync/mutex.c.obj
                0x10000c6c                mutex_init
 .text.recursive_mutex_init
                0x10000c88       0x1c CMakeFiles/your_project.dir/C_/Users/kanuk/clone/pico-sdk/src/common/pico_sync/mutex.c.obj
                0x10000c88                recursive_mutex_init
 .text.critical_section_init
                0x10000ca4       0x1c CMakeFiles/your_project.dir/C_/Users/kanuk/clone/pico-sdk/src/common/pico_sync/critical_section.c.obj
                0x10000ca4                critical_section_init
 .text.critical_section_init_with_lock_num
                0x10000cc0       0x14 CMakeFiles/your_project.dir/C_/Users/kanuk/clone/pico-sdk/src/common/pico_sync/critical_section.c.obj
                0x10000cc0                critical_section_init_with_lock_num
 .text.timer_pool_entry_comparator
                0x10000cd4       0x34 CMakeFiles/your_project.dir/C_/Users/kanuk/clone/pico-sdk/src/common/pico_time/time.c.obj
                0x10000cd4                timer_pool_entry_comparator
 .text.sleep_until_callback
                0x10000d08       0x30 CMakeFiles/your_project.dir/C_/Users/kanuk/clone/pico-sdk/src/common/pico_time/time.c.obj
 .text.add_alarm_under_lock.isra.0
                0x10000d38      0x100 CMakeFiles/your_project.dir/C_/Users/kanuk/clone/pico-sdk/src/common/pico_time/time.c.obj
 .text.alarm_pool_alarm_callback
                0x10000e38      0x1bc CMakeFiles/your_project.dir/C_/Users/kanuk/clone/pico-sdk/src/common/pico_time/time.c.obj
 .text.alarm_pool_init_default
                0x10000ff4       0x6c CMakeFiles/your_project.dir/C_/Users/kanuk/clone/pico-sdk/src/common/pico_time/time.c.obj
                0x10000ff4                alarm_pool_init_default
 .text.alarm_pool_get_default
                0x10001060        0x8 CMakeFiles/your_project.dir/C_/Users/kanuk/clone/pico-sdk/src/common/pico_time/time.c.obj
                0x10001060                alarm_pool_get_default
 .text.alarm_pool_add_alarm_at
                0x10001068      0x188 CMakeFiles/your_project.dir/C_/Users/kanuk/clone/pico-sdk/src/common/pico_time/time.c.obj
                0x10001068                alarm_pool_add_alarm_at
 .text.alarm_pool_cancel_alarm
                0x100011f0       0x6c CMakeFiles/your_project.dir/C_/Users/kanuk/clone/pico-sdk/src/common/pico_time/time.c.obj
                0x100011f0                alarm_pool_cancel_alarm
 .text.alarm_pool_core_num
                0x1000125c        0x4 CMakeFiles/your_project.dir/C_/Users/kanuk/clone/pico-sdk/src/common/pico_time/time.c.obj
                0x1000125c                alarm_pool_core_num
 .text.best_effort_wfe_or_timeout
                0x10001260       0x78 CMakeFiles/your_project.dir/C_/Users/kanuk/clone/pico-sdk/src/common/pico_time/time.c.obj
                0x10001260                best_effort_wfe_or_timeout
 .text.hardware_alarm_irq_handler
                0x100012d8       0xbc CMakeFiles/your_project.dir/C_/Users/kanuk/clone/pico-sdk/src/rp2_common/hardware_timer/timer.c.obj
 .text.hardware_alarm_claim
                0x10001394       0x18 CMakeFiles/your_project.dir/C_/Users/kanuk/clone/pico-sdk/src/rp2_common/hardware_timer/timer.c.obj
                0x10001394                hardware_alarm_claim
 .text.time_us_64
                0x100013ac       0x14 CMakeFiles/your_project.dir/C_/Users/kanuk/clone/pico-sdk/src/rp2_common/hardware_timer/timer.c.obj
                0x100013ac                time_us_64
 .text.busy_wait_us
                0x100013c0       0x68 CMakeFiles/your_project.dir/C_/Users/kanuk/clone/pico-sdk/src/rp2_common/hardware_timer/timer.c.obj
                0x100013c0                busy_wait_us
 .text.hardware_alarm_set_callback
                0x10001428       0x8c CMakeFiles/your_project.dir/C_/Users/kanuk/clone/pico-sdk/src/rp2_common/hardware_timer/timer.c.obj
                0x10001428                hardware_alarm_set_callback
 .text.hardware_alarm_set_target
                0x100014b4       0xdc CMakeFiles/your_project.dir/C_/Users/kanuk/clone/pico-sdk/src/rp2_common/hardware_timer/timer.c.obj
                0x100014b4                hardware_alarm_set_target
 .text.hardware_alarm_cancel
                0x10001590       0x3c CMakeFiles/your_project.dir/C_/Users/kanuk/clone/pico-sdk/src/rp2_common/hardware_timer/timer.c.obj
                0x10001590                hardware_alarm_cancel
 .text.ph_merge_nodes
                0x100015cc       0x64 CMakeFiles/your_project.dir/C_/Users/kanuk/clone/pico-sdk/src/common/pico_util/pheap.c.obj
 .text.ph_post_alloc_init
                0x10001630       0x3c CMakeFiles/your_project.dir/C_/Users/kanuk/clone/pico-sdk/src/common/pico_util/pheap.c.obj
                0x10001630                ph_post_alloc_init
 .text.ph_merge_two_pass
                0x1000166c       0x98 CMakeFiles/your_project.dir/C_/Users/kanuk/clone/pico-sdk/src/common/pico_util/pheap.c.obj
                0x1000166c                ph_merge_two_pass
 .text.ph_remove_any_head
                0x10001704      0x100 CMakeFiles/your_project.dir/C_/Users/kanuk/clone/pico-sdk/src/common/pico_util/pheap.c.obj
 .text.ph_remove_head
                0x10001804      0x104 CMakeFiles/your_project.dir/C_/Users/kanuk/clone/pico-sdk/src/common/pico_util/pheap.c.obj
                0x10001804                ph_remove_head
 .text.ph_remove_and_free_node
                0x10001908       0x78 CMakeFiles/your_project.dir/C_/Users/kanuk/clone/pico-sdk/src/common/pico_util/pheap.c.obj
                0x10001908                ph_remove_and_free_node
 .text.clocks_init
                0x10001980      0x2b4 CMakeFiles/your_project.dir/C_/Users/kanuk/clone/pico-sdk/src/rp2_common/hardware_clocks/clocks.c.obj
                0x10001980                clocks_init
 .text.clock_get_hz
                0x10001c34        0xc CMakeFiles/your_project.dir/C_/Users/kanuk/clone/pico-sdk/src/rp2_common/hardware_clocks/clocks.c.obj
                0x10001c34                clock_get_hz
 .text.pll_init
                0x10001c40       0xa8 CMakeFiles/your_project.dir/C_/Users/kanuk/clone/pico-sdk/src/rp2_common/hardware_pll/pll.c.obj
                0x10001c40                pll_init
 .text.watchdog_start_tick
                0x10001ce8       0x10 CMakeFiles/your_project.dir/C_/Users/kanuk/clone/pico-sdk/src/rp2_common/hardware_watchdog/watchdog.c.obj
                0x10001ce8                watchdog_start_tick
 .text.watchdog_reboot
                0x10001cf8       0x9c CMakeFiles/your_project.dir/C_/Users/kanuk/clone/pico-sdk/src/rp2_common/hardware_watchdog/watchdog.c.obj
                0x10001cf8                watchdog_reboot
 .text.xosc_init
                0x10001d94       0x28 CMakeFiles/your_project.dir/C_/Users/kanuk/clone/pico-sdk/src/rp2_common/hardware_xosc/xosc.c.obj
                0x10001d94                xosc_init
 .text.runtime_init
                0x10001dbc       0xf0 CMakeFiles/your_project.dir/C_/Users/kanuk/clone/pico-sdk/src/rp2_common/pico_runtime/runtime.c.obj
                0x10001dbc                runtime_init
 .text._exit    0x10001eac        0x4 CMakeFiles/your_project.dir/C_/Users/kanuk/clone/pico-sdk/src/rp2_common/pico_runtime/runtime.c.obj
                0x10001eac                _exit
 .text._sbrk    0x10001eb0       0x34 CMakeFiles/your_project.dir/C_/Users/kanuk/clone/pico-sdk/src/rp2_common/pico_runtime/runtime.c.obj
                0x10001eb0                _sbrk
 .text.exit     0x10001ee4        0x8 CMakeFiles/your_project.dir/C_/Users/kanuk/clone/pico-sdk/src/rp2_common/pico_runtime/runtime.c.obj
                0x10001ee4                exit
 .text.panic    0x10001eec       0x30 CMakeFiles/your_project.dir/C_/Users/kanuk/clone/pico-sdk/src/rp2_common/pico_runtime/runtime.c.obj
                0x10001eec                panic
 .text.hard_assertion_failure
                0x10001f1c        0xc CMakeFiles/your_project.dir/C_/Users/kanuk/clone/pico-sdk/src/rp2_common/pico_runtime/runtime.c.obj
                0x10001f1c                hard_assertion_failure
 .text._out_null
                0x10001f28        0x4 CMakeFiles/your_project.dir/C_/Users/kanuk/clone/pico-sdk/src/rp2_common/pico_printf/printf.c.obj
 .text._out_rev
                0x10001f2c       0x90 CMakeFiles/your_project.dir/C_/Users/kanuk/clone/pico-sdk/src/rp2_common/pico_printf/printf.c.obj
 .text._ntoa_format
                0x10001fbc      0x1f4 CMakeFiles/your_project.dir/C_/Users/kanuk/clone/pico-sdk/src/rp2_common/pico_printf/printf.c.obj
 .text._out_char
                0x100021b0       0x10 CMakeFiles/your_project.dir/C_/Users/kanuk/clone/pico-sdk/src/rp2_common/pico_printf/printf.c.obj
 .text._out_fct
                0x100021c0       0x10 CMakeFiles/your_project.dir/C_/Users/kanuk/clone/pico-sdk/src/rp2_common/pico_printf/printf.c.obj
 .text._etoa    0x100021d0      0x454 CMakeFiles/your_project.dir/C_/Users/kanuk/clone/pico-sdk/src/rp2_common/pico_printf/printf.c.obj
 .text._ftoa    0x10002624      0x3c4 CMakeFiles/your_project.dir/C_/Users/kanuk/clone/pico-sdk/src/rp2_common/pico_printf/printf.c.obj
 .text._vsnprintf
                0x100029e8      0xb24 CMakeFiles/your_project.dir/C_/Users/kanuk/clone/pico-sdk/src/rp2_common/pico_printf/printf.c.obj
 .text.vfctprintf
                0x1000350c       0x20 CMakeFiles/your_project.dir/C_/Users/kanuk/clone/pico-sdk/src/rp2_common/pico_printf/printf.c.obj
                0x1000350c                vfctprintf
 .text.weak_raw_vprintf
                0x1000352c       0x30 CMakeFiles/your_project.dir/C_/Users/kanuk/clone/pico-sdk/src/rp2_common/pico_printf/printf.c.obj
                0x1000352c                weak_raw_vprintf
 .text          0x1000355c       0x10 CMakeFiles/your_project.dir/C_/Users/kanuk/clone/pico-sdk/src/rp2_common/pico_bit_ops/bit_ops_aeabi.S.obj
 .text.rom_func_lookup
                0x1000356c       0x10 CMakeFiles/your_project.dir/C_/Users/kanuk/clone/pico-sdk/src/rp2_common/pico_bootrom/bootrom.c.obj
                0x1000356c                rom_func_lookup
 .text.rom_data_lookup
                0x1000357c       0x10 CMakeFiles/your_project.dir/C_/Users/kanuk/clone/pico-sdk/src/rp2_common/pico_bootrom/bootrom.c.obj
                0x1000357c                rom_data_lookup
 .text.rom_funcs_lookup
                0x1000358c       0x44 CMakeFiles/your_project.dir/C_/Users/kanuk/clone/pico-sdk/src/rp2_common/pico_bootrom/bootrom.c.obj
                0x1000358c                rom_funcs_lookup
 .text.__wrap___aeabi_idiv
                0x100035d0       0x50 CMakeFiles/your_project.dir/C_/Users/kanuk/clone/pico-sdk/src/rp2_common/pico_divider/divider.S.obj
                0x100035d0                __wrap___aeabi_idivmod
                0x100035d0                divmod_s32s32
                0x100035d0                div_s32s32
                0x100035d0                __wrap___aeabi_idiv
                0x100035d8                divmod_s32s32_unsafe
                0x10003604                divmod_s32s32_savestate
 .text.__wrap___aeabi_uidiv
                0x10003620       0x4c CMakeFiles/your_project.dir/C_/Users/kanuk/clone/pico-sdk/src/rp2_common/pico_divider/divider.S.obj
                0x10003620                __wrap___aeabi_uidiv
                0x10003620                __wrap___aeabi_uidivmod
                0x10003620                div_u32u32
                0x10003620                divmod_u32u32
                0x10003628                divmod_u32u32_unsafe
                0x10003650                divmod_u32u32_savestate
 .text.__wrap___aeabi_ldiv
                0x1000366c      0x424 CMakeFiles/your_project.dir/C_/Users/kanuk/clone/pico-sdk/src/rp2_common/pico_divider/divider.S.obj
                0x1000366c                div_s64s64
                0x1000366c                divmod_s64s64
                0x1000366c                __wrap___aeabi_ldivmod
                0x1000369c                divmod_u64u64
                0x1000369c                div_u64u64
                0x1000369c                __wrap___aeabi_uldivmod
                0x100036ac                divmod_u64u64_savestate
                0x100036cc                divmod_s64s64_unsafe
                0x10003754                divmod_u64u64_unsafe
 .text.__wrap___aeabi_darithmetic
                0x10003a90       0x80 CMakeFiles/your_project.dir/C_/Users/kanuk/clone/pico-sdk/src/rp2_common/pico_double/double_aeabi.S.obj
                0x10003a90                __wrap___aeabi_drsub
                0x10003a96                __wrap___aeabi_dsub
                0x10003aa8                __wrap___aeabi_dadd
                0x10003aba                __wrap___aeabi_ddiv
                0x10003af6                __wrap___aeabi_dmul
 .text.__wrap___aeabi_cdcmple
                0x10003b10       0x6c CMakeFiles/your_project.dir/C_/Users/kanuk/clone/pico-sdk/src/rp2_common/pico_double/double_aeabi.S.obj
                0x10003b10                __wrap___aeabi_cdrcmple
                0x10003b20                __wrap___aeabi_cdcmpeq
                0x10003b20                __wrap___aeabi_cdcmple
 .text.__wrap___aeabi_dcmplt
                0x10003b7c        0xc CMakeFiles/your_project.dir/C_/Users/kanuk/clone/pico-sdk/src/rp2_common/pico_double/double_aeabi.S.obj
                0x10003b7c                __wrap___aeabi_dcmplt
 .text.__wrap___aeabi_dcmpge
                0x10003b88       0x10 CMakeFiles/your_project.dir/C_/Users/kanuk/clone/pico-sdk/src/rp2_common/pico_double/double_aeabi.S.obj
                0x10003b88                __wrap___aeabi_dcmpge
 .text.__wrap___aeabi_dcmpgt
                0x10003b98        0xa CMakeFiles/your_project.dir/C_/Users/kanuk/clone/pico-sdk/src/rp2_common/pico_double/double_aeabi.S.obj
                0x10003b98                __wrap___aeabi_dcmpgt
 .text.__wrap___aeabi_dcmpun
                0x10003ba2       0x1c CMakeFiles/your_project.dir/C_/Users/kanuk/clone/pico-sdk/src/rp2_common/pico_double/double_aeabi.S.obj
                0x10003ba2                __wrap___aeabi_dcmpun
 *fill*         0x10003bbe        0x2 
 .text.__wrap___aeabi_i2d
                0x10003bc0       0x38 CMakeFiles/your_project.dir/C_/Users/kanuk/clone/pico-sdk/src/rp2_common/pico_double/double_aeabi.S.obj
                0x10003bc0                __wrap___aeabi_ui2d
                0x10003bc8                __wrap___aeabi_i2d
 .text.__wrap___aeabi_d2iz
                0x10003bf8       0x48 CMakeFiles/your_project.dir/C_/Users/kanuk/clone/pico-sdk/src/rp2_common/pico_double/double_aeabi.S.obj
                0x10003bf8                double2int_z
                0x10003bf8                __wrap___aeabi_d2iz
 .text.__wrap___aeabi_d2uiz
                0x10003c40       0x18 CMakeFiles/your_project.dir/C_/Users/kanuk/clone/pico-sdk/src/rp2_common/pico_double/double_aeabi.S.obj
                0x10003c40                __wrap___aeabi_d2uiz
                0x10003c40                double2uint
 .text.__aeabi_double_init
                0x10003c58       0x98 CMakeFiles/your_project.dir/C_/Users/kanuk/clone/pico-sdk/src/rp2_common/pico_double/double_init_rom.c.obj
                0x10003c58                __aeabi_double_init
 .text.double_table_shim_on_use_helper
                0x10003cf0       0x2c CMakeFiles/your_project.dir/C_/Users/kanuk/clone/pico-sdk/src/rp2_common/pico_double/double_v1_rom_shim.S.obj
                0x10003cf0                double_table_shim_on_use_helper
 .text.__wrap___aeabi_dsub
                0x10003d1c       0x10 CMakeFiles/your_project.dir/C_/Users/kanuk/clone/pico-sdk/src/rp2_common/pico_double/double_v1_rom_shim.S.obj
                0x10003d1c                drsub_shim
                0x10003d22                dsub_shim
 .text.dadd_shim
                0x10003d2c      0x15c CMakeFiles/your_project.dir/C_/Users/kanuk/clone/pico-sdk/src/rp2_common/pico_double/double_v1_rom_shim.S.obj
                0x10003d2c                dadd_shim
 .text.dmul_shim
                0x10003e88      0x15c CMakeFiles/your_project.dir/C_/Users/kanuk/clone/pico-sdk/src/rp2_common/pico_double/double_v1_rom_shim.S.obj
                0x10003e88                dmul_shim
 .text.ddiv_shim
                0x10003fe4      0x1b0 CMakeFiles/your_project.dir/C_/Users/kanuk/clone/pico-sdk/src/rp2_common/pico_double/double_v1_rom_shim.S.obj
                0x10003fe4                ddiv_shim
 .text.double2uint_shim
                0x10004194        0xe CMakeFiles/your_project.dir/C_/Users/kanuk/clone/pico-sdk/src/rp2_common/pico_double/double_v1_rom_shim.S.obj
                0x10004194                double2uint_shim
                0x10004196                double2ufix_shim
 *fill*         0x100041a2        0x2 
 .text.double2uint64_shim
                0x100041a4       0x70 CMakeFiles/your_project.dir/C_/Users/kanuk/clone/pico-sdk/src/rp2_common/pico_double/double_v1_rom_shim.S.obj
                0x100041a4                double2uint64_shim
                0x100041a6                double2ufix64_shim
                0x100041c6                d2fix_a
 .text.dunpacks
                0x10004214       0x3c CMakeFiles/your_project.dir/C_/Users/kanuk/clone/pico-sdk/src/rp2_common/pico_double/double_v1_rom_shim.S.obj
                0x10004214                dunpacks
 .text.__aeabi_lmul
                0x10004250       0x32 CMakeFiles/your_project.dir/C_/Users/kanuk/clone/pico-sdk/src/rp2_common/pico_int64_ops/pico_int64_ops_aeabi.S.obj
                0x10004250                __wrap___aeabi_lmul
 *fill*         0x10004282        0x2 
 .text.__aeabi_float_init
                0x10004284       0x64 CMakeFiles/your_project.dir/C_/Users/kanuk/clone/pico-sdk/src/rp2_common/pico_float/float_init_rom.c.obj
                0x10004284                __aeabi_float_init
 .text.float_table_shim_on_use_helper
                0x100042e8       0x2c CMakeFiles/your_project.dir/C_/Users/kanuk/clone/pico-sdk/src/rp2_common/pico_float/float_v1_rom_shim.S.obj
                0x100042e8                float_table_shim_on_use_helper
 .text          0x10004314       0x10 CMakeFiles/your_project.dir/C_/Users/kanuk/clone/pico-sdk/src/rp2_common/pico_mem_ops/mem_ops_aeabi.S.obj
                0x10004314                __aeabi_mem_init
 .text.memset   0x10004324        0xc CMakeFiles/your_project.dir/C_/Users/kanuk/clone/pico-sdk/src/rp2_common/pico_mem_ops/mem_ops_aeabi.S.obj
                0x10004324                __wrap_memset
 .text.memcpy   0x10004330        0xc CMakeFiles/your_project.dir/C_/Users/kanuk/clone/pico-sdk/src/rp2_common/pico_mem_ops/mem_ops_aeabi.S.obj
                0x10004330                __wrap_memcpy
                0x10004330                __wrap___aeabi_memcpy
 .text.stdio_out_chars_crlf
                0x1000433c       0xbc CMakeFiles/your_project.dir/C_/Users/kanuk/clone/pico-sdk/src/rp2_common/pico_stdio/stdio.c.obj
 .text.stdio_buffered_printer
                0x100043f8       0x64 CMakeFiles/your_project.dir/C_/Users/kanuk/clone/pico-sdk/src/rp2_common/pico_stdio/stdio.c.obj
 .text.__wrap_putchar
                0x1000445c       0x98 CMakeFiles/your_project.dir/C_/Users/kanuk/clone/pico-sdk/src/rp2_common/pico_stdio/stdio.c.obj
                0x1000445c                __wrap_putchar
 .text.__wrap_puts
                0x100044f4       0xe0 CMakeFiles/your_project.dir/C_/Users/kanuk/clone/pico-sdk/src/rp2_common/pico_stdio/stdio.c.obj
                0x100044f4                __wrap_puts
 .text._read    0x100045d4       0x94 CMakeFiles/your_project.dir/C_/Users/kanuk/clone/pico-sdk/src/rp2_common/pico_stdio/stdio.c.obj
                0x100045d4                _read
 .text._write   0x10004668       0xb4 CMakeFiles/your_project.dir/C_/Users/kanuk/clone/pico-sdk/src/rp2_common/pico_stdio/stdio.c.obj
                0x10004668                _write
 .text._close   0x1000471c        0x8 CMakeFiles/your_project.dir/C_/Users/kanuk/clone/pico-sdk/src/rp2_common/pico_stdio/stdio.c.obj
                0x1000471c                _close
 .text._lseek   0x10004724        0x8 CMakeFiles/your_project.dir/C_/Users/kanuk/clone/pico-sdk/src/rp2_common/pico_stdio/stdio.c.obj
                0x10004724                _lseek
 .text.stdio_set_driver_enabled
                0x1000472c       0x30 CMakeFiles/your_project.dir/C_/Users/kanuk/clone/pico-sdk/src/rp2_common/pico_stdio/stdio.c.obj
                0x1000472c                stdio_set_driver_enabled
 .text.__wrap_vprintf
                0x1000475c       0xd4 CMakeFiles/your_project.dir/C_/Users/kanuk/clone/pico-sdk/src/rp2_common/pico_stdio/stdio.c.obj
                0x1000475c                __wrap_vprintf
 .text.__wrap_printf
                0x10004830       0x18 CMakeFiles/your_project.dir/C_/Users/kanuk/clone/pico-sdk/src/rp2_common/pico_stdio/stdio.c.obj
                0x10004830                __wrap_printf
 .text.stdio_init_all
                0x10004848        0x8 CMakeFiles/your_project.dir/C_/Users/kanuk/clone/pico-sdk/src/rp2_common/pico_stdio/stdio.c.obj
                0x10004848                stdio_init_all
 .text.resetd_init
                0x10004850        0x4 CMakeFiles/your_project.dir/C_/Users/kanuk/clone/pico-sdk/src/rp2_common/pico_stdio_usb/reset_interface.c.obj
 .text.resetd_reset
                0x10004854        0xc CMakeFiles/your_project.dir/C_/Users/kanuk/clone/pico-sdk/src/rp2_common/pico_stdio_usb/reset_interface.c.obj
 .text.resetd_open
                0x10004860       0x28 CMakeFiles/your_project.dir/C_/Users/kanuk/clone/pico-sdk/src/rp2_common/pico_stdio_usb/reset_interface.c.obj
 .text.resetd_xfer_cb
                0x10004888        0x4 CMakeFiles/your_project.dir/C_/Users/kanuk/clone/pico-sdk/src/rp2_common/pico_stdio_usb/reset_interface.c.obj
 .text.resetd_control_xfer_cb
                0x1000488c       0x60 CMakeFiles/your_project.dir/C_/Users/kanuk/clone/pico-sdk/src/rp2_common/pico_stdio_usb/reset_interface.c.obj
 .text.usbd_app_driver_get_cb
                0x100048ec        0xc CMakeFiles/your_project.dir/C_/Users/kanuk/clone/pico-sdk/src/rp2_common/pico_stdio_usb/reset_interface.c.obj
                0x100048ec                usbd_app_driver_get_cb
 .text.tud_cdc_line_coding_cb
                0x100048f8       0x34 CMakeFiles/your_project.dir/C_/Users/kanuk/clone/pico-sdk/src/rp2_common/pico_stdio_usb/reset_interface.c.obj
                0x100048f8                tud_cdc_line_coding_cb
 .text.stdio_usb_set_chars_available_callback
                0x1000492c       0x14 CMakeFiles/your_project.dir/C_/Users/kanuk/clone/pico-sdk/src/rp2_common/pico_stdio_usb/stdio_usb.c.obj
                0x1000492c                stdio_usb_set_chars_available_callback
 .text.usb_irq  0x10004940       0x10 CMakeFiles/your_project.dir/C_/Users/kanuk/clone/pico-sdk/src/rp2_common/pico_stdio_usb/stdio_usb.c.obj
 .text.timer_task
                0x10004950       0x54 CMakeFiles/your_project.dir/C_/Users/kanuk/clone/pico-sdk/src/rp2_common/pico_stdio_usb/stdio_usb.c.obj
 .text.stdio_usb_in_chars
                0x100049a4       0x90 CMakeFiles/your_project.dir/C_/Users/kanuk/clone/pico-sdk/src/rp2_common/pico_stdio_usb/stdio_usb.c.obj
                0x100049a4                stdio_usb_in_chars
 .text.stdio_usb_out_chars
                0x10004a34      0x104 CMakeFiles/your_project.dir/C_/Users/kanuk/clone/pico-sdk/src/rp2_common/pico_stdio_usb/stdio_usb.c.obj
 .text.low_priority_worker_irq
                0x10004b38       0xa8 CMakeFiles/your_project.dir/C_/Users/kanuk/clone/pico-sdk/src/rp2_common/pico_stdio_usb/stdio_usb.c.obj
 .text.tud_cdc_rx_cb
                0x10004be0       0x20 CMakeFiles/your_project.dir/C_/Users/kanuk/clone/pico-sdk/src/rp2_common/pico_stdio_usb/stdio_usb.c.obj
                0x10004be0                tud_cdc_rx_cb
 .text.stdio_usb_init
                0x10004c00       0xe0 CMakeFiles/your_project.dir/C_/Users/kanuk/clone/pico-sdk/src/rp2_common/pico_stdio_usb/stdio_usb.c.obj
                0x10004c00                stdio_usb_init
 .text.tud_descriptor_device_cb
                0x10004ce0        0x8 CMakeFiles/your_project.dir/C_/Users/kanuk/clone/pico-sdk/src/rp2_common/pico_stdio_usb/stdio_usb_descriptors.c.obj
                0x10004ce0                tud_descriptor_device_cb
 .text.tud_descriptor_configuration_cb
                0x10004ce8        0x8 CMakeFiles/your_project.dir/C_/Users/kanuk/clone/pico-sdk/src/rp2_common/pico_stdio_usb/stdio_usb_descriptors.c.obj
                0x10004ce8                tud_descriptor_configuration_cb
 .text.tud_descriptor_string_cb
                0x10004cf0       0x78 CMakeFiles/your_project.dir/C_/Users/kanuk/clone/pico-sdk/src/rp2_common/pico_stdio_usb/stdio_usb_descriptors.c.obj
                0x10004cf0                tud_descriptor_string_cb
 .text.startup._retrieve_unique_id_on_boot
                0x10004d68       0x10 CMakeFiles/your_project.dir/C_/Users/kanuk/clone/pico-sdk/src/rp2_common/pico_unique_id/unique_id.c.obj
 .text.pico_get_unique_board_id_string
                0x10004d78      0x1a8 CMakeFiles/your_project.dir/C_/Users/kanuk/clone/pico-sdk/src/rp2_common/pico_unique_id/unique_id.c.obj
                0x10004d78                pico_get_unique_board_id_string
 .text.flash_get_unique_id
                0x10004f20       0x40 CMakeFiles/your_project.dir/C_/Users/kanuk/clone/pico-sdk/src/rp2_common/hardware_flash/flash.c.obj
                0x10004f20                flash_get_unique_id
 .text.dcd_int_enable
                0x10004f60        0xc CMakeFiles/your_project.dir/C_/Users/kanuk/clone/pico-sdk/lib/tinyusb/src/portable/raspberrypi/rp2040/dcd_rp2040.c.obj
                0x10004f60                dcd_int_enable
 .text.dcd_set_address
                0x10004f6c       0x14 CMakeFiles/your_project.dir/C_/Users/kanuk/clone/pico-sdk/lib/tinyusb/src/portable/raspberrypi/rp2040/dcd_rp2040.c.obj
                0x10004f6c                dcd_set_address
 .text.dcd_connect
                0x10004f80       0x10 CMakeFiles/your_project.dir/C_/Users/kanuk/clone/pico-sdk/lib/tinyusb/src/portable/raspberrypi/rp2040/dcd_rp2040.c.obj
                0x10004f80                dcd_connect
 .text.dcd_init
                0x10004f90       0x98 CMakeFiles/your_project.dir/C_/Users/kanuk/clone/pico-sdk/lib/tinyusb/src/portable/raspberrypi/rp2040/dcd_rp2040.c.obj
                0x10004f90                dcd_init
 .text.dcd_edpt0_status_complete
                0x10005028       0x1c CMakeFiles/your_project.dir/C_/Users/kanuk/clone/pico-sdk/lib/tinyusb/src/portable/raspberrypi/rp2040/dcd_rp2040.c.obj
                0x10005028                dcd_edpt0_status_complete
 .text.dcd_edpt_open
                0x10005044      0x108 CMakeFiles/your_project.dir/C_/Users/kanuk/clone/pico-sdk/lib/tinyusb/src/portable/raspberrypi/rp2040/dcd_rp2040.c.obj
                0x10005044                dcd_edpt_open
 .text.dcd_edpt_close_all
                0x1000514c        0x8 CMakeFiles/your_project.dir/C_/Users/kanuk/clone/pico-sdk/lib/tinyusb/src/portable/raspberrypi/rp2040/dcd_rp2040.c.obj
                0x1000514c                dcd_edpt_close_all
 .text.dcd_edpt_xfer
                0x10005154       0x24 CMakeFiles/your_project.dir/C_/Users/kanuk/clone/pico-sdk/lib/tinyusb/src/portable/raspberrypi/rp2040/dcd_rp2040.c.obj
                0x10005154                dcd_edpt_xfer
 .text.dcd_edpt_stall
                0x10005178       0x38 CMakeFiles/your_project.dir/C_/Users/kanuk/clone/pico-sdk/lib/tinyusb/src/portable/raspberrypi/rp2040/dcd_rp2040.c.obj
                0x10005178                dcd_edpt_stall
 .text.dcd_edpt_clear_stall
                0x100051b0       0x30 CMakeFiles/your_project.dir/C_/Users/kanuk/clone/pico-sdk/lib/tinyusb/src/portable/raspberrypi/rp2040/dcd_rp2040.c.obj
                0x100051b0                dcd_edpt_clear_stall
 .text.rp2040_usb_init
                0x100051e0       0x4c CMakeFiles/your_project.dir/C_/Users/kanuk/clone/pico-sdk/lib/tinyusb/src/portable/raspberrypi/rp2040/rp2040_usb.c.obj
                0x100051e0                rp2040_usb_init
 .text.hw_endpoint_xfer_start
                0x1000522c       0x40 CMakeFiles/your_project.dir/C_/Users/kanuk/clone/pico-sdk/lib/tinyusb/src/portable/raspberrypi/rp2040/rp2040_usb.c.obj
                0x1000522c                hw_endpoint_xfer_start
 .text.tud_mounted
                0x1000526c       0x10 CMakeFiles/your_project.dir/C_/Users/kanuk/clone/pico-sdk/lib/tinyusb/src/device/usbd.c.obj
                0x1000526c                tud_mounted
 .text.tud_suspended
                0x1000527c       0x10 CMakeFiles/your_project.dir/C_/Users/kanuk/clone/pico-sdk/lib/tinyusb/src/device/usbd.c.obj
                0x1000527c                tud_suspended
 .text.tud_inited
                0x1000528c       0x14 CMakeFiles/your_project.dir/C_/Users/kanuk/clone/pico-sdk/lib/tinyusb/src/device/usbd.c.obj
                0x1000528c                tud_inited
 .text.tud_init
                0x100052a0       0xd8 CMakeFiles/your_project.dir/C_/Users/kanuk/clone/pico-sdk/lib/tinyusb/src/device/usbd.c.obj
                0x100052a0                tud_init
 .text.tud_task_ext
                0x10005378      0x8a4 CMakeFiles/your_project.dir/C_/Users/kanuk/clone/pico-sdk/lib/tinyusb/src/device/usbd.c.obj
                0x10005378                tud_task_ext
 .text.usbd_open_edpt_pair
                0x10005c1c       0x9c CMakeFiles/your_project.dir/C_/Users/kanuk/clone/pico-sdk/lib/tinyusb/src/device/usbd.c.obj
                0x10005c1c                usbd_open_edpt_pair
 .text.usbd_defer_func
                0x10005cb8       0x48 CMakeFiles/your_project.dir/C_/Users/kanuk/clone/pico-sdk/lib/tinyusb/src/device/usbd.c.obj
                0x10005cb8                usbd_defer_func
 .text.usbd_edpt_open
                0x10005d00       0x34 CMakeFiles/your_project.dir/C_/Users/kanuk/clone/pico-sdk/lib/tinyusb/src/device/usbd.c.obj
                0x10005d00                usbd_edpt_open
 .text.usbd_edpt_claim
                0x10005d34       0x28 CMakeFiles/your_project.dir/C_/Users/kanuk/clone/pico-sdk/lib/tinyusb/src/device/usbd.c.obj
                0x10005d34                usbd_edpt_claim
 .text.usbd_edpt_release
                0x10005d5c       0x28 CMakeFiles/your_project.dir/C_/Users/kanuk/clone/pico-sdk/lib/tinyusb/src/device/usbd.c.obj
                0x10005d5c                usbd_edpt_release
 .text.usbd_edpt_xfer
                0x10005d84       0x4c CMakeFiles/your_project.dir/C_/Users/kanuk/clone/pico-sdk/lib/tinyusb/src/device/usbd.c.obj
                0x10005d84                usbd_edpt_xfer
 .text.tud_control_status
                0x10005dd0       0x2c CMakeFiles/your_project.dir/C_/Users/kanuk/clone/pico-sdk/lib/tinyusb/src/device/usbd_control.c.obj
                0x10005dd0                tud_control_status
 .text.tud_control_xfer
                0x10005dfc       0xac CMakeFiles/your_project.dir/C_/Users/kanuk/clone/pico-sdk/lib/tinyusb/src/device/usbd_control.c.obj
                0x10005dfc                tud_control_xfer
 .text.usbd_control_reset
                0x10005ea8       0x14 CMakeFiles/your_project.dir/C_/Users/kanuk/clone/pico-sdk/lib/tinyusb/src/device/usbd_control.c.obj
                0x10005ea8                usbd_control_reset
 .text.usbd_control_set_complete_callback
                0x10005ebc        0xc CMakeFiles/your_project.dir/C_/Users/kanuk/clone/pico-sdk/lib/tinyusb/src/device/usbd_control.c.obj
                0x10005ebc                usbd_control_set_complete_callback
 .text.usbd_control_set_request
                0x10005ec8       0x1c CMakeFiles/your_project.dir/C_/Users/kanuk/clone/pico-sdk/lib/tinyusb/src/device/usbd_control.c.obj
                0x10005ec8                usbd_control_set_request
 .text.usbd_control_xfer_cb
                0x10005ee4       0xf4 CMakeFiles/your_project.dir/C_/Users/kanuk/clone/pico-sdk/lib/tinyusb/src/device/usbd_control.c.obj
                0x10005ee4                usbd_control_xfer_cb
 .text.tud_cdc_n_connected
                0x10005fd8       0x30 CMakeFiles/your_project.dir/C_/Users/kanuk/clone/pico-sdk/lib/tinyusb/src/class/cdc/cdc_device.c.obj
                0x10005fd8                tud_cdc_n_connected
 .text.tud_cdc_n_available
                0x10006008       0x18 CMakeFiles/your_project.dir/C_/Users/kanuk/clone/pico-sdk/lib/tinyusb/src/class/cdc/cdc_device.c.obj
                0x10006008                tud_cdc_n_available
 .text.tud_cdc_n_read
                0x10006020       0x70 CMakeFiles/your_project.dir/C_/Users/kanuk/clone/pico-sdk/lib/tinyusb/src/class/cdc/cdc_device.c.obj
                0x10006020                tud_cdc_n_read
 .text.tud_cdc_n_write_flush
                0x10006090       0x78 CMakeFiles/your_project.dir/C_/Users/kanuk/clone/pico-sdk/lib/tinyusb/src/class/cdc/cdc_device.c.obj
                0x10006090                tud_cdc_n_write_flush
 .text.tud_cdc_n_write
                0x10006108       0x34 CMakeFiles/your_project.dir/C_/Users/kanuk/clone/pico-sdk/lib/tinyusb/src/class/cdc/cdc_device.c.obj
                0x10006108                tud_cdc_n_write
 .text.tud_cdc_n_write_available
                0x1000613c       0x18 CMakeFiles/your_project.dir/C_/Users/kanuk/clone/pico-sdk/lib/tinyusb/src/class/cdc/cdc_device.c.obj
                0x1000613c                tud_cdc_n_write_available
 .text.cdcd_init
                0x10006154       0x7c CMakeFiles/your_project.dir/C_/Users/kanuk/clone/pico-sdk/lib/tinyusb/src/class/cdc/cdc_device.c.obj
                0x10006154                cdcd_init
 .text.cdcd_reset
                0x100061d0       0x2c CMakeFiles/your_project.dir/C_/Users/kanuk/clone/pico-sdk/lib/tinyusb/src/class/cdc/cdc_device.c.obj
                0x100061d0                cdcd_reset
 .text.cdcd_open
                0x100061fc       0xe4 CMakeFiles/your_project.dir/C_/Users/kanuk/clone/pico-sdk/lib/tinyusb/src/class/cdc/cdc_device.c.obj
                0x100061fc                cdcd_open
 .text.cdcd_control_xfer_cb
                0x100062e0       0xe4 CMakeFiles/your_project.dir/C_/Users/kanuk/clone/pico-sdk/lib/tinyusb/src/class/cdc/cdc_device.c.obj
                0x100062e0                cdcd_control_xfer_cb
 .text.cdcd_xfer_cb
                0x100063c4      0x13c CMakeFiles/your_project.dir/C_/Users/kanuk/clone/pico-sdk/lib/tinyusb/src/class/cdc/cdc_device.c.obj
                0x100063c4                cdcd_xfer_cb
 .text.tusb_init
                0x10006500        0xc CMakeFiles/your_project.dir/C_/Users/kanuk/clone/pico-sdk/lib/tinyusb/src/tusb.c.obj
                0x10006500                tusb_init
 .text.tusb_inited
                0x1000650c        0x8 CMakeFiles/your_project.dir/C_/Users/kanuk/clone/pico-sdk/lib/tinyusb/src/tusb.c.obj
                0x1000650c                tusb_inited
 .text.tu_edpt_claim
                0x10006514       0x50 CMakeFiles/your_project.dir/C_/Users/kanuk/clone/pico-sdk/lib/tinyusb/src/tusb.c.obj
                0x10006514                tu_edpt_claim
 .text.tu_edpt_release
                0x10006564       0x38 CMakeFiles/your_project.dir/C_/Users/kanuk/clone/pico-sdk/lib/tinyusb/src/tusb.c.obj
                0x10006564                tu_edpt_release
 .text.tu_edpt_validate
                0x1000659c       0x7c CMakeFiles/your_project.dir/C_/Users/kanuk/clone/pico-sdk/lib/tinyusb/src/tusb.c.obj
                0x1000659c                tu_edpt_validate
 .text.tu_edpt_bind_driver
                0x10006618       0x34 CMakeFiles/your_project.dir/C_/Users/kanuk/clone/pico-sdk/lib/tinyusb/src/tusb.c.obj
                0x10006618                tu_edpt_bind_driver
 .text.tu_fifo_config
                0x1000664c       0x6c CMakeFiles/your_project.dir/C_/Users/kanuk/clone/pico-sdk/lib/tinyusb/src/common/tusb_fifo.c.obj
                0x1000664c                tu_fifo_config
 .text.tu_fifo_count
                0x100066b8       0x2c CMakeFiles/your_project.dir/C_/Users/kanuk/clone/pico-sdk/lib/tinyusb/src/common/tusb_fifo.c.obj
                0x100066b8                tu_fifo_count
 .text.tu_fifo_empty
                0x100066e4       0x10 CMakeFiles/your_project.dir/C_/Users/kanuk/clone/pico-sdk/lib/tinyusb/src/common/tusb_fifo.c.obj
                0x100066e4                tu_fifo_empty
 .text.tu_fifo_remaining
                0x100066f4       0x2c CMakeFiles/your_project.dir/C_/Users/kanuk/clone/pico-sdk/lib/tinyusb/src/common/tusb_fifo.c.obj
                0x100066f4                tu_fifo_remaining
 .text.tu_fifo_read
                0x10006720       0x9c CMakeFiles/your_project.dir/C_/Users/kanuk/clone/pico-sdk/lib/tinyusb/src/common/tusb_fifo.c.obj
                0x10006720                tu_fifo_read
 .text.tu_fifo_read_n
                0x100067bc       0xe8 CMakeFiles/your_project.dir/C_/Users/kanuk/clone/pico-sdk/lib/tinyusb/src/common/tusb_fifo.c.obj
                0x100067bc                tu_fifo_read_n
 .text.tu_fifo_write
                0x100068a4       0x88 CMakeFiles/your_project.dir/C_/Users/kanuk/clone/pico-sdk/lib/tinyusb/src/common/tusb_fifo.c.obj
                0x100068a4                tu_fifo_write
 .text.tu_fifo_write_n
                0x1000692c      0x170 CMakeFiles/your_project.dir/C_/Users/kanuk/clone/pico-sdk/lib/tinyusb/src/common/tusb_fifo.c.obj
                0x1000692c                tu_fifo_write_n
 .text.tu_fifo_clear
                0x10006a9c       0x40 CMakeFiles/your_project.dir/C_/Users/kanuk/clone/pico-sdk/lib/tinyusb/src/common/tusb_fifo.c.obj
                0x10006a9c                tu_fifo_clear
 .text.tu_fifo_set_overwritable
                0x10006adc       0x48 CMakeFiles/your_project.dir/C_/Users/kanuk/clone/pico-sdk/lib/tinyusb/src/common/tusb_fifo.c.obj
                0x10006adc                tu_fifo_set_overwritable
 .text.i2c_set_baudrate
                0x10006b24       0xc4 CMakeFiles/your_project.dir/C_/Users/kanuk/clone/pico-sdk/src/rp2_common/hardware_i2c/i2c.c.obj
                0x10006b24                i2c_set_baudrate
 .text.i2c_init
                0x10006be8       0x54 CMakeFiles/your_project.dir/C_/Users/kanuk/clone/pico-sdk/src/rp2_common/hardware_i2c/i2c.c.obj
                0x10006be8                i2c_init
 .text.i2c_set_slave_mode
                0x10006c3c       0x40 CMakeFiles/your_project.dir/C_/Users/kanuk/clone/pico-sdk/src/rp2_common/hardware_i2c/i2c.c.obj
                0x10006c3c                i2c_set_slave_mode
 .text.i2c_slave_init
                0x10006c7c       0x5c CMakeFiles/your_project.dir/i2c_slave/i2c_slave.c.obj
                0x10006c7c                i2c_slave_init
 .text.__malloc_lock
                0x10006cd8       0x10 c:/progra~2/armgnu~1/12dbab~1.2re/bin/../lib/gcc/arm-none-eabi/12.2.1/thumb/v6-m/nofp\libc.a(libc_a-mlock.o)
                0x10006cd8                __malloc_lock
 .text.__malloc_unlock
                0x10006ce8       0x10 c:/progra~2/armgnu~1/12dbab~1.2re/bin/../lib/gcc/arm-none-eabi/12.2.1/thumb/v6-m/nofp\libc.a(libc_a-mlock.o)
                0x10006ce8                __malloc_unlock
 .text.__sflush_r
                0x10006cf8      0x148 c:/progra~2/armgnu~1/12dbab~1.2re/bin/../lib/gcc/arm-none-eabi/12.2.1/thumb/v6-m/nofp\libc.a(libc_a-fflush.o)
                0x10006cf8                __sflush_r
 .text._fflush_r
                0x10006e40       0x68 c:/progra~2/armgnu~1/12dbab~1.2re/bin/../lib/gcc/arm-none-eabi/12.2.1/thumb/v6-m/nofp\libc.a(libc_a-fflush.o)
                0x10006e40                _fflush_r
 .text.fflush   0x10006ea8       0x7c c:/progra~2/armgnu~1/12dbab~1.2re/bin/../lib/gcc/arm-none-eabi/12.2.1/thumb/v6-m/nofp\libc.a(libc_a-fflush.o)
                0x10006ea8                fflush
 .text.stdio_exit_handler
                0x10006f24       0x1c c:/progra~2/armgnu~1/12dbab~1.2re/bin/../lib/gcc/arm-none-eabi/12.2.1/thumb/v6-m/nofp\libc.a(libc_a-findfp.o)
 .text.cleanup_stdio
                0x10006f40       0x3c c:/progra~2/armgnu~1/12dbab~1.2re/bin/../lib/gcc/arm-none-eabi/12.2.1/thumb/v6-m/nofp\libc.a(libc_a-findfp.o)
 .text.global_stdio_init.part.0
                0x10006f7c      0x118 c:/progra~2/armgnu~1/12dbab~1.2re/bin/../lib/gcc/arm-none-eabi/12.2.1/thumb/v6-m/nofp\libc.a(libc_a-findfp.o)
 .text.__sinit  0x10007094       0x38 c:/progra~2/armgnu~1/12dbab~1.2re/bin/../lib/gcc/arm-none-eabi/12.2.1/thumb/v6-m/nofp\libc.a(libc_a-findfp.o)
                0x10007094                __sinit
 .text.__sfp_lock_acquire
                0x100070cc       0x10 c:/progra~2/armgnu~1/12dbab~1.2re/bin/../lib/gcc/arm-none-eabi/12.2.1/thumb/v6-m/nofp\libc.a(libc_a-findfp.o)
                0x100070cc                __sfp_lock_acquire
 .text.__sfp_lock_release
                0x100070dc       0x10 c:/progra~2/armgnu~1/12dbab~1.2re/bin/../lib/gcc/arm-none-eabi/12.2.1/thumb/v6-m/nofp\libc.a(libc_a-findfp.o)
                0x100070dc                __sfp_lock_release
 .text._fwalk_sglue
                0x100070ec       0x44 c:/progra~2/armgnu~1/12dbab~1.2re/bin/../lib/gcc/arm-none-eabi/12.2.1/thumb/v6-m/nofp\libc.a(libc_a-fwalk.o)
                0x100070ec                _fwalk_sglue
 .text.__sread  0x10007130       0x28 c:/progra~2/armgnu~1/12dbab~1.2re/bin/../lib/gcc/arm-none-eabi/12.2.1/thumb/v6-m/nofp\libc.a(libc_a-stdio.o)
                0x10007130                __sread
 .text.__swrite
                0x10007158       0x40 c:/progra~2/armgnu~1/12dbab~1.2re/bin/../lib/gcc/arm-none-eabi/12.2.1/thumb/v6-m/nofp\libc.a(libc_a-stdio.o)
                0x10007158                __swrite
 .text.__sseek  0x10007198       0x30 c:/progra~2/armgnu~1/12dbab~1.2re/bin/../lib/gcc/arm-none-eabi/12.2.1/thumb/v6-m/nofp\libc.a(libc_a-stdio.o)
                0x10007198                __sseek
 .text.__sclose
                0x100071c8        0xc c:/progra~2/armgnu~1/12dbab~1.2re/bin/../lib/gcc/arm-none-eabi/12.2.1/thumb/v6-m/nofp\libc.a(libc_a-stdio.o)
                0x100071c8                __sclose
 .text._close_r
                0x100071d4       0x24 c:/progra~2/armgnu~1/12dbab~1.2re/bin/../lib/gcc/arm-none-eabi/12.2.1/thumb/v6-m/nofp\libc.a(libc_a-closer.o)
                0x100071d4                _close_r
 .text._lseek_r
                0x100071f8       0x28 c:/progra~2/armgnu~1/12dbab~1.2re/bin/../lib/gcc/arm-none-eabi/12.2.1/thumb/v6-m/nofp\libc.a(libc_a-lseekr.o)
                0x100071f8                _lseek_r
 .text._read_r  0x10007220       0x28 c:/progra~2/armgnu~1/12dbab~1.2re/bin/../lib/gcc/arm-none-eabi/12.2.1/thumb/v6-m/nofp\libc.a(libc_a-readr.o)
                0x10007220                _read_r
 .text._sbrk_r  0x10007248       0x24 c:/progra~2/armgnu~1/12dbab~1.2re/bin/../lib/gcc/arm-none-eabi/12.2.1/thumb/v6-m/nofp\libc.a(libc_a-sbrkr.o)
                0x10007248                _sbrk_r
 .text._write_r
                0x1000726c       0x28 c:/progra~2/armgnu~1/12dbab~1.2re/bin/../lib/gcc/arm-none-eabi/12.2.1/thumb/v6-m/nofp\libc.a(libc_a-writer.o)
                0x1000726c                _write_r
 .text.__errno  0x10007294        0xc c:/progra~2/armgnu~1/12dbab~1.2re/bin/../lib/gcc/arm-none-eabi/12.2.1/thumb/v6-m/nofp\libc.a(libc_a-errno.o)
                0x10007294                __errno
 .text.__retarget_lock_init_recursive
                0x100072a0        0x4 c:/progra~2/armgnu~1/12dbab~1.2re/bin/../lib/gcc/arm-none-eabi/12.2.1/thumb/v6-m/nofp\libc.a(libc_a-lock.o)
                0x100072a0                __retarget_lock_init_recursive
 .text.__retarget_lock_close_recursive
                0x100072a4        0x4 c:/progra~2/armgnu~1/12dbab~1.2re/bin/../lib/gcc/arm-none-eabi/12.2.1/thumb/v6-m/nofp\libc.a(libc_a-lock.o)
                0x100072a4                __retarget_lock_close_recursive
 .text.__retarget_lock_acquire_recursive
                0x100072a8        0x4 c:/progra~2/armgnu~1/12dbab~1.2re/bin/../lib/gcc/arm-none-eabi/12.2.1/thumb/v6-m/nofp\libc.a(libc_a-lock.o)
                0x100072a8                __retarget_lock_acquire_recursive
 .text.__retarget_lock_release_recursive
                0x100072ac        0x4 c:/progra~2/armgnu~1/12dbab~1.2re/bin/../lib/gcc/arm-none-eabi/12.2.1/thumb/v6-m/nofp\libc.a(libc_a-lock.o)
                0x100072ac                __retarget_lock_release_recursive
 .text.sysconf  0x100072b0       0x1c c:/progra~2/armgnu~1/12dbab~1.2re/bin/../lib/gcc/arm-none-eabi/12.2.1/thumb/v6-m/nofp\libc.a(libc_a-sysconf.o)
                0x100072b0                sysconf
 .text.strlen   0x100072cc       0x5c c:/progra~2/armgnu~1/12dbab~1.2re/bin/../lib/gcc/arm-none-eabi/12.2.1/thumb/v6-m/nofp\libc.a(libc_a-strlen-stub.o)
                0x100072cc                strlen
 .text._malloc_trim_r
                0x10007328       0xb4 c:/progra~2/armgnu~1/12dbab~1.2re/bin/../lib/gcc/arm-none-eabi/12.2.1/thumb/v6-m/nofp\libc.a(libc_a-freer.o)
                0x10007328                _malloc_trim_r
 .text._free_r  0x100073dc      0x1c0 c:/progra~2/armgnu~1/12dbab~1.2re/bin/../lib/gcc/arm-none-eabi/12.2.1/thumb/v6-m/nofp\libc.a(libc_a-freer.o)
                0x100073dc                _free_r
 .text._fclose_r
                0x1000759c       0xd0 c:/progra~2/armgnu~1/12dbab~1.2re/bin/../lib/gcc/arm-none-eabi/12.2.1/thumb/v6-m/nofp\libc.a(libc_a-fclose.o)
                0x1000759c                _fclose_r
 *(.fini)
 .fini          0x1000766c        0x4 c:/progra~2/armgnu~1/12dbab~1.2re/bin/../lib/gcc/arm-none-eabi/12.2.1/thumb/v6-m/nofp/crti.o
                0x1000766c                _fini
 .fini.__stub   0x10007670       0xc0 linker stubs
 *crtbegin.o(.ctors)
 *crtbegin?.o(.ctors)
 *(EXCLUDE_FILE(*crtend.o *crtend?.o) .ctors)
 *(SORT_BY_NAME(.ctors.*))
 *(.ctors)
 *crtbegin.o(.dtors)
 *crtbegin?.o(.dtors)
 *(EXCLUDE_FILE(*crtend.o *crtend?.o) .dtors)
 *(SORT_BY_NAME(.dtors.*))
 *(.dtors)
 *(.eh_frame*)
 .eh_frame      0x10007730        0x0 c:/progra~2/armgnu~1/12dbab~1.2re/bin/../lib/gcc/arm-none-eabi/12.2.1/thumb/v6-m/nofp/crtbegin.o
                0x10007730                . = ALIGN (0x4)

.glue_7         0x10007730        0x0
 .glue_7        0x10007730        0x0 linker stubs

.glue_7t        0x10007730        0x0
 .glue_7t       0x10007730        0x0 linker stubs

.vfp11_veneer   0x10007730        0x0
 .vfp11_veneer  0x10007730        0x0 linker stubs

.v4_bx          0x10007730        0x0
 .v4_bx         0x10007730        0x0 linker stubs

.iplt           0x10007730        0x0
 .iplt          0x10007730        0x0 c:/progra~2/armgnu~1/12dbab~1.2re/bin/../lib/gcc/arm-none-eabi/12.2.1/thumb/v6-m/nofp/crtbegin.o

.rodata         0x10007730      0x534
 *(EXCLUDE_FILE(*libm.a: *libc.a:*lib_a-mem*.o *libgcc.a:) .rodata*)
 .rodata.main.str1.4
                0x10007730        0x3 CMakeFiles/your_project.dir/main.cpp.obj
 *fill*         0x10007733        0x1 
 .rodata._ZL11BUTTON_PINS
                0x10007734       0x48 CMakeFiles/your_project.dir/main.cpp.obj
 .rodata.spin_lock_claim_unused.str1.4
                0x1000777c       0x1b CMakeFiles/your_project.dir/C_/Users/kanuk/clone/pico-sdk/src/rp2_common/hardware_sync/sync.c.obj
 *fill*         0x10007797        0x1 
 .rodata.user_irq_claim_unused.str1.4
                0x10007798       0x1b CMakeFiles/your_project.dir/C_/Users/kanuk/clone/pico-sdk/src/rp2_common/hardware_irq/irq.c.obj
 *fill*         0x100077b3        0x5 
 .rodata.at_the_end_of_time
                0x100077b8        0x8 CMakeFiles/your_project.dir/C_/Users/kanuk/clone/pico-sdk/src/common/pico_time/time.c.obj
                0x100077b8                at_the_end_of_time
 .rodata.hardware_alarm_claim.str1.4
                0x100077c0       0x22 CMakeFiles/your_project.dir/C_/Users/kanuk/clone/pico-sdk/src/rp2_common/hardware_timer/timer.c.obj
 *fill*         0x100077e2        0x2 
 .rodata.panic.str1.4
                0x100077e4       0x12 CMakeFiles/your_project.dir/C_/Users/kanuk/clone/pico-sdk/src/rp2_common/pico_runtime/runtime.c.obj
 *fill*         0x100077f6        0x2 
 .rodata.hard_assertion_failure.str1.4
                0x100077f8        0xc CMakeFiles/your_project.dir/C_/Users/kanuk/clone/pico-sdk/src/rp2_common/pico_runtime/runtime.c.obj
 .rodata._ftoa.str1.4
                0x10007804       0x15 CMakeFiles/your_project.dir/C_/Users/kanuk/clone/pico-sdk/src/rp2_common/pico_printf/printf.c.obj
 *fill*         0x10007819        0x3 
 .rodata._vsnprintf
                0x1000781c      0x19c CMakeFiles/your_project.dir/C_/Users/kanuk/clone/pico-sdk/src/rp2_common/pico_printf/printf.c.obj
 .rodata.pow10.0
                0x100079b8       0x50 CMakeFiles/your_project.dir/C_/Users/kanuk/clone/pico-sdk/src/rp2_common/pico_printf/printf.c.obj
 .rodata.str1.4
                0x10007a08       0x44 CMakeFiles/your_project.dir/C_/Users/kanuk/clone/pico-sdk/src/rp2_common/pico_standard_link/binary_info.c.obj
 .rodata.__bi_81
                0x10007a4c        0xc CMakeFiles/your_project.dir/C_/Users/kanuk/clone/pico-sdk/src/rp2_common/pico_standard_link/binary_info.c.obj
 .rodata.__bi_75
                0x10007a58        0xc CMakeFiles/your_project.dir/C_/Users/kanuk/clone/pico-sdk/src/rp2_common/pico_standard_link/binary_info.c.obj
 .rodata.__bi_44
                0x10007a64        0xc CMakeFiles/your_project.dir/C_/Users/kanuk/clone/pico-sdk/src/rp2_common/pico_standard_link/binary_info.c.obj
 .rodata.crlf_str.0
                0x10007a70        0x2 CMakeFiles/your_project.dir/C_/Users/kanuk/clone/pico-sdk/src/rp2_common/pico_stdio/stdio.c.obj
 *fill*         0x10007a72        0x2 
 .rodata._resetd_driver
                0x10007a74       0x18 CMakeFiles/your_project.dir/C_/Users/kanuk/clone/pico-sdk/src/rp2_common/pico_stdio_usb/reset_interface.c.obj
 .rodata.str1.4
                0x10007a8c       0x13 CMakeFiles/your_project.dir/C_/Users/kanuk/clone/pico-sdk/src/rp2_common/pico_stdio_usb/stdio_usb.c.obj
 *fill*         0x10007a9f        0x1 
 .rodata.__bi_188.0
                0x10007aa0        0xc CMakeFiles/your_project.dir/C_/Users/kanuk/clone/pico-sdk/src/rp2_common/pico_stdio_usb/stdio_usb.c.obj
 .rodata.str1.4
                0x10007aac       0x2a CMakeFiles/your_project.dir/C_/Users/kanuk/clone/pico-sdk/src/rp2_common/pico_stdio_usb/stdio_usb_descriptors.c.obj
 *fill*         0x10007ad6        0x2 
 .rodata.usbd_desc_str
                0x10007ad8       0x18 CMakeFiles/your_project.dir/C_/Users/kanuk/clone/pico-sdk/src/rp2_common/pico_stdio_usb/stdio_usb_descriptors.c.obj
 .rodata.usbd_desc_cfg
                0x10007af0       0x54 CMakeFiles/your_project.dir/C_/Users/kanuk/clone/pico-sdk/src/rp2_common/pico_stdio_usb/stdio_usb_descriptors.c.obj
 .rodata.usbd_desc_device
                0x10007b44       0x12 CMakeFiles/your_project.dir/C_/Users/kanuk/clone/pico-sdk/src/rp2_common/pico_stdio_usb/stdio_usb_descriptors.c.obj
 *fill*         0x10007b56        0x2 
 .rodata.str1.4
                0x10007b58       0x14 CMakeFiles/your_project.dir/C_/Users/kanuk/clone/pico-sdk/lib/tinyusb/src/portable/raspberrypi/rp2040/dcd_rp2040.c.obj
 .rodata.str1.4
                0x10007b6c       0x53 CMakeFiles/your_project.dir/C_/Users/kanuk/clone/pico-sdk/lib/tinyusb/src/portable/raspberrypi/rp2040/rp2040_usb.c.obj
 *fill*         0x10007bbf        0x1 
 .rodata.tud_task_ext
                0x10007bc0       0x8c CMakeFiles/your_project.dir/C_/Users/kanuk/clone/pico-sdk/lib/tinyusb/src/device/usbd.c.obj
 .rodata._usbd_driver
                0x10007c4c       0x18 CMakeFiles/your_project.dir/C_/Users/kanuk/clone/pico-sdk/lib/tinyusb/src/device/usbd.c.obj
                0x10007c64                . = ALIGN (0x4)
 *(SORT_BY_ALIGNMENT(SORT_BY_NAME(.flashdata*)))
                0x10007c64                . = ALIGN (0x4)

.rel.dyn        0x10007c64        0x0
 .rel.iplt      0x10007c64        0x0 c:/progra~2/armgnu~1/12dbab~1.2re/bin/../lib/gcc/arm-none-eabi/12.2.1/thumb/v6-m/nofp/crtbegin.o

.ARM.extab
 *(.ARM.extab* .gnu.linkonce.armextab.*)
                0x10007c64                __exidx_start = .

.ARM.exidx
 *(.ARM.exidx* .gnu.linkonce.armexidx.*)
                0x10007c64                __exidx_end = .
                0x10007c64                . = ALIGN (0x4)
                0x10007c64                __binary_info_start = .

.binary_info    0x10007c64       0x20
 *(.binary_info.keep.*)
 .binary_info.keep.__bi_ptr81
                0x10007c64        0x4 CMakeFiles/your_project.dir/C_/Users/kanuk/clone/pico-sdk/src/rp2_common/pico_standard_link/binary_info.c.obj
 .binary_info.keep.__bi_ptr75
                0x10007c68        0x4 CMakeFiles/your_project.dir/C_/Users/kanuk/clone/pico-sdk/src/rp2_common/pico_standard_link/binary_info.c.obj
 .binary_info.keep.__bi_ptr50
                0x10007c6c        0x4 CMakeFiles/your_project.dir/C_/Users/kanuk/clone/pico-sdk/src/rp2_common/pico_standard_link/binary_info.c.obj
 .binary_info.keep.__bi_ptr44
                0x10007c70        0x4 CMakeFiles/your_project.dir/C_/Users/kanuk/clone/pico-sdk/src/rp2_common/pico_standard_link/binary_info.c.obj
 .binary_info.keep.__bi_ptr38
                0x10007c74        0x4 CMakeFiles/your_project.dir/C_/Users/kanuk/clone/pico-sdk/src/rp2_common/pico_standard_link/binary_info.c.obj
 .binary_info.keep.__bi_ptr30
                0x10007c78        0x4 CMakeFiles/your_project.dir/C_/Users/kanuk/clone/pico-sdk/src/rp2_common/pico_standard_link/binary_info.c.obj
 .binary_info.keep.__bi_ptr22
                0x10007c7c        0x4 CMakeFiles/your_project.dir/C_/Users/kanuk/clone/pico-sdk/src/rp2_common/pico_standard_link/binary_info.c.obj
 *(.binary_info.*)
 .binary_info.__bi_ptr188
                0x10007c80        0x4 CMakeFiles/your_project.dir/C_/Users/kanuk/clone/pico-sdk/src/rp2_common/pico_stdio_usb/stdio_usb.c.obj
                0x10007c84                __binary_info_end = .
                0x10007c84                . = ALIGN (0x4)
                0x10007c84                __etext = .

.ram_vector_table
                0x20000000       0xc0
 *(.ram_vector_table)
 .ram_vector_table
                0x20000000       0xc0 CMakeFiles/your_project.dir/C_/Users/kanuk/clone/pico-sdk/src/rp2_common/pico_runtime/runtime.c.obj
                0x20000000                ram_vector_table

.data           0x200000c0     0x14b0 load address 0x10007c84
                0x200000c0                __data_start__ = .
 *(vtable)
 *(.time_critical*)
 .time_critical.mutex_try_enter
                0x200000c0       0x40 CMakeFiles/your_project.dir/C_/Users/kanuk/clone/pico-sdk/src/common/pico_sync/mutex.c.obj
                0x200000c0                mutex_try_enter
 .time_critical.mutex_try_enter_block_until
                0x20000100       0x9c CMakeFiles/your_project.dir/C_/Users/kanuk/clone/pico-sdk/src/common/pico_sync/mutex.c.obj
                0x20000100                mutex_try_enter_block_until
 .time_critical.mutex_enter_timeout_ms
                0x2000019c       0x90 CMakeFiles/your_project.dir/C_/Users/kanuk/clone/pico-sdk/src/common/pico_sync/mutex.c.obj
                0x2000019c                mutex_enter_timeout_ms
 .time_critical.mutex_exit
                0x2000022c       0x28 CMakeFiles/your_project.dir/C_/Users/kanuk/clone/pico-sdk/src/common/pico_sync/mutex.c.obj
                0x2000022c                mutex_exit
 .time_critical.flash_init_boot2_copyout
                0x20000254       0x30 CMakeFiles/your_project.dir/C_/Users/kanuk/clone/pico-sdk/src/rp2_common/hardware_flash/flash.c.obj
 .time_critical.flash_enable_xip_via_boot2
                0x20000284        0xc CMakeFiles/your_project.dir/C_/Users/kanuk/clone/pico-sdk/src/rp2_common/hardware_flash/flash.c.obj
 .time_critical.flash_cs_force
                0x20000290       0x38 CMakeFiles/your_project.dir/C_/Users/kanuk/clone/pico-sdk/src/rp2_common/hardware_flash/flash.c.obj
 .time_critical.flash_do_cmd
                0x200002c8       0xc0 CMakeFiles/your_project.dir/C_/Users/kanuk/clone/pico-sdk/src/rp2_common/hardware_flash/flash.c.obj
                0x200002c8                flash_do_cmd
 .time_critical.reset_non_control_endpoints
                0x20000388       0x68 CMakeFiles/your_project.dir/C_/Users/kanuk/clone/pico-sdk/lib/tinyusb/src/portable/raspberrypi/rp2040/dcd_rp2040.c.obj
 .time_critical.hw_handle_buff_status
                0x200003f0       0xac CMakeFiles/your_project.dir/C_/Users/kanuk/clone/pico-sdk/lib/tinyusb/src/portable/raspberrypi/rp2040/dcd_rp2040.c.obj
 .time_critical.dcd_rp2040_irq
                0x2000049c      0x510 CMakeFiles/your_project.dir/C_/Users/kanuk/clone/pico-sdk/lib/tinyusb/src/portable/raspberrypi/rp2040/dcd_rp2040.c.obj
 .time_critical.e15_is_bulkin_ep
                0x200009ac       0x28 CMakeFiles/your_project.dir/C_/Users/kanuk/clone/pico-sdk/lib/tinyusb/src/portable/raspberrypi/rp2040/rp2040_usb.c.obj
 .time_critical.e15_is_critical_frame_period
                0x200009d4       0x34 CMakeFiles/your_project.dir/C_/Users/kanuk/clone/pico-sdk/lib/tinyusb/src/portable/raspberrypi/rp2040/rp2040_usb.c.obj
 .time_critical.prepare_ep_buffer
                0x20000a08       0x6c CMakeFiles/your_project.dir/C_/Users/kanuk/clone/pico-sdk/lib/tinyusb/src/portable/raspberrypi/rp2040/rp2040_usb.c.obj
 .time_critical.sync_ep_buffer
                0x20000a74       0x48 CMakeFiles/your_project.dir/C_/Users/kanuk/clone/pico-sdk/lib/tinyusb/src/portable/raspberrypi/rp2040/rp2040_usb.c.obj
 .time_critical._hw_endpoint_xfer_sync
                0x20000abc       0x28 CMakeFiles/your_project.dir/C_/Users/kanuk/clone/pico-sdk/lib/tinyusb/src/portable/raspberrypi/rp2040/rp2040_usb.c.obj
 .time_critical.hw_endpoint_reset_transfer
                0x20000ae4        0xc CMakeFiles/your_project.dir/C_/Users/kanuk/clone/pico-sdk/lib/tinyusb/src/portable/raspberrypi/rp2040/rp2040_usb.c.obj
                0x20000ae4                hw_endpoint_reset_transfer
 .time_critical._hw_endpoint_buffer_control_update32
                0x20000af0       0x58 CMakeFiles/your_project.dir/C_/Users/kanuk/clone/pico-sdk/lib/tinyusb/src/portable/raspberrypi/rp2040/rp2040_usb.c.obj
                0x20000af0                _hw_endpoint_buffer_control_update32
 .time_critical.hw_endpoint_start_next_buffer
                0x20000b48       0x6c CMakeFiles/your_project.dir/C_/Users/kanuk/clone/pico-sdk/lib/tinyusb/src/portable/raspberrypi/rp2040/rp2040_usb.c.obj
                0x20000b48                hw_endpoint_start_next_buffer
 .time_critical.hw_endpoint_xfer_continue
                0x20000bb4       0x50 CMakeFiles/your_project.dir/C_/Users/kanuk/clone/pico-sdk/lib/tinyusb/src/portable/raspberrypi/rp2040/rp2040_usb.c.obj
                0x20000bb4                hw_endpoint_xfer_continue
 .time_critical.tinyusb
                0x20000c04      0x170 CMakeFiles/your_project.dir/C_/Users/kanuk/clone/pico-sdk/lib/tinyusb/src/device/usbd.c.obj
                0x20000c04                dcd_event_handler
 .time_critical.i2c0_slave_irq_handler
                0x20000d74       0xa0 CMakeFiles/your_project.dir/i2c_slave/i2c_slave.c.obj
 .time_critical.i2c1_slave_irq_handler
                0x20000e14       0xa0 CMakeFiles/your_project.dir/i2c_slave/i2c_slave.c.obj
 *(.text*)
 .text          0x20000eb4        0x4 c:/progra~2/armgnu~1/12dbab~1.2re/bin/../lib/gcc/arm-none-eabi/12.2.1/thumb/v6-m/nofp\libgcc.a(_dvmd_tls.o)
                0x20000eb4                __aeabi_idiv0
                0x20000eb4                __aeabi_ldiv0
 .text.__stub   0x20000eb8       0x70 linker stubs
                0x20000f28                . = ALIGN (0x4)
 *(.rodata*)
                0x20000f28                . = ALIGN (0x4)
 *(.data*)
 .data.striped_spin_lock_num
                0x20000f28        0x1 CMakeFiles/your_project.dir/C_/Users/kanuk/clone/pico-sdk/src/rp2_common/hardware_sync/sync.c.obj
 *fill*         0x20000f29        0x3 
 .data          0x20000f2c       0x48 CMakeFiles/your_project.dir/C_/Users/kanuk/clone/pico-sdk/src/rp2_common/hardware_irq/irq_handler_chain.S.obj
                0x20000f2c                irq_handler_chain_slots
                0x20000f5c                irq_handler_chain_first_slot
                0x20000f66                irq_handler_chain_remove_tail
 .data.default_alarm_pool
                0x20000f74       0x18 CMakeFiles/your_project.dir/C_/Users/kanuk/clone/pico-sdk/src/common/pico_time/time.c.obj
 .data.default_alarm_pool_heap
                0x20000f8c       0x10 CMakeFiles/your_project.dir/C_/Users/kanuk/clone/pico-sdk/src/common/pico_time/time.c.obj
 *fill*         0x20000f9c        0x4 
 .data.aeabi_bits_funcs
                0x20000fa0       0x10 CMakeFiles/your_project.dir/C_/Users/kanuk/clone/pico-sdk/src/rp2_common/pico_bit_ops/bit_ops_aeabi.S.obj
                0x20000fa0                aeabi_bits_funcs
                0x20000fb0                aeabi_bits_funcs_end
 .data.aeabi_mem_funcs
                0x20000fb0       0x10 CMakeFiles/your_project.dir/C_/Users/kanuk/clone/pico-sdk/src/rp2_common/pico_mem_ops/mem_ops_aeabi.S.obj
                0x20000fb0                aeabi_mem_funcs
                0x20000fc0                aeabi_mem_funcs_end
 .data.stdio_usb
                0x20000fc0       0x18 CMakeFiles/your_project.dir/C_/Users/kanuk/clone/pico-sdk/src/rp2_common/pico_stdio_usb/stdio_usb.c.obj
                0x20000fc0                stdio_usb
 .data.ep_dir_string
                0x20000fd8        0x8 CMakeFiles/your_project.dir/C_/Users/kanuk/clone/pico-sdk/lib/tinyusb/src/portable/raspberrypi/rp2040/rp2040_usb.c.obj
                0x20000fd8                ep_dir_string
 .data._usbd_qdef
                0x20000fe0       0x1c CMakeFiles/your_project.dir/C_/Users/kanuk/clone/pico-sdk/lib/tinyusb/src/device/usbd.c.obj
                0x20000fe0                _usbd_qdef
 .data._usbd_rhport
                0x20000ffc        0x1 CMakeFiles/your_project.dir/C_/Users/kanuk/clone/pico-sdk/lib/tinyusb/src/device/usbd.c.obj
 *fill*         0x20000ffd        0x3 
 .data.i2c1_inst
                0x20001000        0x8 CMakeFiles/your_project.dir/C_/Users/kanuk/clone/pico-sdk/src/rp2_common/hardware_i2c/i2c.c.obj
                0x20001000                i2c1_inst
 .data.i2c0_inst
                0x20001008        0x8 CMakeFiles/your_project.dir/C_/Users/kanuk/clone/pico-sdk/src/rp2_common/hardware_i2c/i2c.c.obj
                0x20001008                i2c0_inst
 .data.__malloc_sbrk_base
                0x20001010        0x4 c:/progra~2/armgnu~1/12dbab~1.2re/bin/../lib/gcc/arm-none-eabi/12.2.1/thumb/v6-m/nofp\libc.a(libc_a-mallocr.o)
                0x20001010                __malloc_sbrk_base
 .data.__malloc_trim_threshold
                0x20001014        0x4 c:/progra~2/armgnu~1/12dbab~1.2re/bin/../lib/gcc/arm-none-eabi/12.2.1/thumb/v6-m/nofp\libc.a(libc_a-mallocr.o)
                0x20001014                __malloc_trim_threshold
 .data.__malloc_av_
                0x20001018      0x408 c:/progra~2/armgnu~1/12dbab~1.2re/bin/../lib/gcc/arm-none-eabi/12.2.1/thumb/v6-m/nofp\libc.a(libc_a-mallocr.o)
                0x20001018                __malloc_av_
 .data.__sglue  0x20001420        0xc c:/progra~2/armgnu~1/12dbab~1.2re/bin/../lib/gcc/arm-none-eabi/12.2.1/thumb/v6-m/nofp\libc.a(libc_a-findfp.o)
                0x20001420                __sglue
 .data._impure_ptr
                0x2000142c        0x4 c:/progra~2/armgnu~1/12dbab~1.2re/bin/../lib/gcc/arm-none-eabi/12.2.1/thumb/v6-m/nofp\libc.a(libc_a-impure.o)
                0x2000142c                _impure_ptr
 .data._impure_data
                0x20001430      0x120 c:/progra~2/armgnu~1/12dbab~1.2re/bin/../lib/gcc/arm-none-eabi/12.2.1/thumb/v6-m/nofp\libc.a(libc_a-impure.o)
                0x20001430                _impure_data
                0x20001550                . = ALIGN (0x4)
 *(.after_data.*)
                0x20001550                . = ALIGN (0x4)
                0x20001550                PROVIDE (__mutex_array_start = .)
 *(SORT_BY_NAME(.mutex_array.*))
 *(.mutex_array)
 .mutex_array   0x20001550        0x8 CMakeFiles/your_project.dir/C_/Users/kanuk/clone/pico-sdk/src/rp2_common/pico_stdio/stdio.c.obj
                0x20001558                PROVIDE (__mutex_array_end = .)
                0x20001558                . = ALIGN (0x4)
                0x20001558                PROVIDE (__preinit_array_start = .)
 *(SORT_BY_NAME(.preinit_array.*))
 .preinit_array.00001
                0x20001558        0x4 CMakeFiles/your_project.dir/C_/Users/kanuk/clone/pico-sdk/src/rp2_common/pico_mem_ops/mem_ops_aeabi.S.obj
 .preinit_array.00010
                0x2000155c        0x4 CMakeFiles/your_project.dir/C_/Users/kanuk/clone/pico-sdk/src/rp2_common/pico_bit_ops/bit_ops_aeabi.S.obj
 .preinit_array.00020
                0x20001560        0x4 CMakeFiles/your_project.dir/C_/Users/kanuk/clone/pico-sdk/src/rp2_common/pico_double/double_aeabi.S.obj
 .preinit_array.00020
                0x20001564        0x4 CMakeFiles/your_project.dir/C_/Users/kanuk/clone/pico-sdk/src/rp2_common/pico_float/float_aeabi.S.obj
 *(.preinit_array)
                0x20001568                PROVIDE (__preinit_array_end = .)
                0x20001568                . = ALIGN (0x4)
                0x20001568                PROVIDE (__init_array_start = .)
 *(SORT_BY_NAME(.init_array.*))
 *(.init_array)
 .init_array    0x20001568        0x4 c:/progra~2/armgnu~1/12dbab~1.2re/bin/../lib/gcc/arm-none-eabi/12.2.1/thumb/v6-m/nofp/crtbegin.o
 .init_array    0x2000156c        0x4 CMakeFiles/your_project.dir/C_/Users/kanuk/clone/pico-sdk/src/rp2_common/pico_unique_id/unique_id.c.obj
                0x20001570                PROVIDE (__init_array_end = .)
                0x20001570                . = ALIGN (0x4)
                [!provide]                PROVIDE (__fini_array_start = .)
 *(SORT_BY_NAME(.fini_array.*))
 *(.fini_array)
                [!provide]                PROVIDE (__fini_array_end = .)
 *(.jcr)
                0x20001570                . = ALIGN (0x4)
                0x20001570                __data_end__ = .

.tm_clone_table
                0x20001570        0x0 load address 0x10009134
 .tm_clone_table
                0x20001570        0x0 c:/progra~2/armgnu~1/12dbab~1.2re/bin/../lib/gcc/arm-none-eabi/12.2.1/thumb/v6-m/nofp/crtbegin.o
 .tm_clone_table
                0x20001570        0x0 c:/progra~2/armgnu~1/12dbab~1.2re/bin/../lib/gcc/arm-none-eabi/12.2.1/thumb/v6-m/nofp/crtend.o

.igot.plt       0x20001570        0x0 load address 0x10009134
 .igot.plt      0x20001570        0x0 c:/progra~2/armgnu~1/12dbab~1.2re/bin/../lib/gcc/arm-none-eabi/12.2.1/thumb/v6-m/nofp/crtbegin.o

.uninitialized_data
                0x20001570        0x0 load address 0x10009134
                0x20001570                . = ALIGN (0x4)
 *(.uninitialized_data*)

.scratch_x      0x20040000        0x0 load address 0x10009134
                0x20040000                __scratch_x_start__ = .
 *(.scratch_x.*)
                0x20040000                . = ALIGN (0x4)
                0x20040000                __scratch_x_end__ = .
                0x10009134                __scratch_x_source__ = LOADADDR (.scratch_x)

.scratch_y      0x20041000        0x0 load address 0x10009134
                0x20041000                __scratch_y_start__ = .
 *(.scratch_y.*)
                0x20041000                . = ALIGN (0x4)
                0x20041000                __scratch_y_end__ = .
                0x10009134                __scratch_y_source__ = LOADADDR (.scratch_y)

.bss            0x20001570     0x1020
                0x20001570                . = ALIGN (0x4)
                0x20001570                __bss_start__ = .
 *(SORT_BY_ALIGNMENT(SORT_BY_NAME(.bss*)))
 .bss.configured_freq
                0x20001570       0x28 CMakeFiles/your_project.dir/C_/Users/kanuk/clone/pico-sdk/src/rp2_common/hardware_clocks/clocks.c.obj
 .bss.default_alarm_pool_entries
                0x20001598      0x100 CMakeFiles/your_project.dir/C_/Users/kanuk/clone/pico-sdk/src/common/pico_time/time.c.obj
 .bss.last_avail_time.1
                0x20001698        0x8 CMakeFiles/your_project.dir/C_/Users/kanuk/clone/pico-sdk/src/rp2_common/pico_stdio_usb/stdio_usb.c.obj
 .bss.sd_table  0x200016a0      0x100 CMakeFiles/your_project.dir/C_/Users/kanuk/clone/pico-sdk/src/rp2_common/pico_double/double_init_rom.c.obj
                0x200016a0                sd_table
 .bss.sf_table  0x200017a0      0x100 CMakeFiles/your_project.dir/C_/Users/kanuk/clone/pico-sdk/src/rp2_common/pico_float/float_init_rom.c.obj
                0x200017a0                sf_table
 .bss._ZL7context
                0x200018a0      0x103 CMakeFiles/your_project.dir/main.cpp.obj
 *fill*         0x200019a3        0x1 
 .bss.__lock___malloc_recursive_mutex
                0x200019a4        0x1 c:/progra~2/armgnu~1/12dbab~1.2re/bin/../lib/gcc/arm-none-eabi/12.2.1/thumb/v6-m/nofp\libc.a(libc_a-lock.o)
                0x200019a4                __lock___malloc_recursive_mutex
 *fill*         0x200019a5        0x3 
 .bss.__lock___sfp_recursive_mutex
                0x200019a8        0x1 c:/progra~2/armgnu~1/12dbab~1.2re/bin/../lib/gcc/arm-none-eabi/12.2.1/thumb/v6-m/nofp\libc.a(libc_a-lock.o)
                0x200019a8                __lock___sfp_recursive_mutex
 *fill*         0x200019a9        0x3 
 .bss.__malloc_current_mallinfo
                0x200019ac       0x28 c:/progra~2/armgnu~1/12dbab~1.2re/bin/../lib/gcc/arm-none-eabi/12.2.1/thumb/v6-m/nofp\libc.a(libc_a-mallocr.o)
                0x200019ac                __malloc_current_mallinfo
 .bss.__malloc_top_pad
                0x200019d4        0x4 c:/progra~2/armgnu~1/12dbab~1.2re/bin/../lib/gcc/arm-none-eabi/12.2.1/thumb/v6-m/nofp\libc.a(libc_a-mallocr.o)
                0x200019d4                __malloc_top_pad
 .bss.__sf      0x200019d8      0x138 c:/progra~2/armgnu~1/12dbab~1.2re/bin/../lib/gcc/arm-none-eabi/12.2.1/thumb/v6-m/nofp\libc.a(libc_a-findfp.o)
                0x200019d8                __sf
 .bss.__stdio_exit_handler
                0x20001b10        0x4 c:/progra~2/armgnu~1/12dbab~1.2re/bin/../lib/gcc/arm-none-eabi/12.2.1/thumb/v6-m/nofp\libc.a(libc_a-findfp.o)
                0x20001b10                __stdio_exit_handler
 .bss._app_driver
                0x20001b14        0x4 CMakeFiles/your_project.dir/C_/Users/kanuk/clone/pico-sdk/lib/tinyusb/src/device/usbd.c.obj
 .bss._cdcd_itf
                0x20001b18      0x2c8 CMakeFiles/your_project.dir/C_/Users/kanuk/clone/pico-sdk/lib/tinyusb/src/class/cdc/cdc_device.c.obj
 .bss._ctrl_xfer
                0x20001de0       0x14 CMakeFiles/your_project.dir/C_/Users/kanuk/clone/pico-sdk/lib/tinyusb/src/device/usbd_control.c.obj
 .bss._ubsd_mutexdef
                0x20001df4        0x8 CMakeFiles/your_project.dir/C_/Users/kanuk/clone/pico-sdk/lib/tinyusb/src/device/usbd.c.obj
 .bss._usbd_ctrl_buf
                0x20001dfc       0x40 CMakeFiles/your_project.dir/C_/Users/kanuk/clone/pico-sdk/lib/tinyusb/src/device/usbd_control.c.obj
 .bss._usbd_dev
                0x20001e3c       0x53 CMakeFiles/your_project.dir/C_/Users/kanuk/clone/pico-sdk/lib/tinyusb/src/device/usbd.c.obj
 *fill*         0x20001e8f        0x1 
 .bss._usbd_mutex
                0x20001e90        0x4 CMakeFiles/your_project.dir/C_/Users/kanuk/clone/pico-sdk/lib/tinyusb/src/device/usbd.c.obj
 .bss._usbd_q   0x20001e94        0x4 CMakeFiles/your_project.dir/C_/Users/kanuk/clone/pico-sdk/lib/tinyusb/src/device/usbd.c.obj
 .bss._usbd_qdef_buf
                0x20001e98       0xc0 CMakeFiles/your_project.dir/C_/Users/kanuk/clone/pico-sdk/lib/tinyusb/src/device/usbd.c.obj
                0x20001e98                _usbd_qdef_buf
 .bss.alarm_callbacks
                0x20001f58       0x10 CMakeFiles/your_project.dir/C_/Users/kanuk/clone/pico-sdk/src/rp2_common/hardware_timer/timer.c.obj
 .bss.boot2_copyout
                0x20001f68      0x100 CMakeFiles/your_project.dir/C_/Users/kanuk/clone/pico-sdk/src/rp2_common/hardware_flash/flash.c.obj
 .bss.buttonState
                0x20002068        0x4 CMakeFiles/your_project.dir/main.cpp.obj
                0x20002068                buttonState
 .bss.chars_available_callback
                0x2000206c        0x4 CMakeFiles/your_project.dir/C_/Users/kanuk/clone/pico-sdk/src/rp2_common/pico_stdio_usb/stdio_usb.c.obj
 .bss.chars_available_param
                0x20002070        0x4 CMakeFiles/your_project.dir/C_/Users/kanuk/clone/pico-sdk/src/rp2_common/pico_stdio_usb/stdio_usb.c.obj
 .bss.claimed   0x20002074        0x4 CMakeFiles/your_project.dir/C_/Users/kanuk/clone/pico-sdk/src/rp2_common/hardware_sync/sync.c.obj
 .bss.default_alarm_pool_entry_ids_high
                0x20002078       0x10 CMakeFiles/your_project.dir/C_/Users/kanuk/clone/pico-sdk/src/common/pico_time/time.c.obj
 .bss.default_alarm_pool_heap_nodes
                0x20002088       0x30 CMakeFiles/your_project.dir/C_/Users/kanuk/clone/pico-sdk/src/common/pico_time/time.c.obj
 .bss.desc_str.0
                0x200020b8       0x28 CMakeFiles/your_project.dir/C_/Users/kanuk/clone/pico-sdk/src/rp2_common/pico_stdio_usb/stdio_usb_descriptors.c.obj
 .bss.drivers   0x200020e0        0x4 CMakeFiles/your_project.dir/C_/Users/kanuk/clone/pico-sdk/src/rp2_common/pico_stdio/stdio.c.obj
 .bss.e15_last_sof
                0x200020e4        0x4 CMakeFiles/your_project.dir/C_/Users/kanuk/clone/pico-sdk/lib/tinyusb/src/portable/raspberrypi/rp2040/rp2040_usb.c.obj
                0x200020e4                e15_last_sof
 .bss.errno     0x200020e8        0x4 c:/progra~2/armgnu~1/12dbab~1.2re/bin/../lib/gcc/arm-none-eabi/12.2.1/thumb/v6-m/nofp\libc.a(libc_a-reent.o)
                0x200020e8                errno
 .bss.filter    0x200020ec        0x4 CMakeFiles/your_project.dir/C_/Users/kanuk/clone/pico-sdk/src/rp2_common/pico_stdio/stdio.c.obj
 .bss.heap_end.0
                0x200020f0        0x4 CMakeFiles/your_project.dir/C_/Users/kanuk/clone/pico-sdk/src/rp2_common/pico_runtime/runtime.c.obj
 .bss.hw_endpoints
                0x200020f4      0x400 CMakeFiles/your_project.dir/C_/Users/kanuk/clone/pico-sdk/lib/tinyusb/src/portable/raspberrypi/rp2040/dcd_rp2040.c.obj
 .bss.i2c_slaves
                0x200024f4       0x18 CMakeFiles/your_project.dir/i2c_slave/i2c_slave.c.obj
 .bss.lastButtonState
                0x2000250c        0x4 CMakeFiles/your_project.dir/main.cpp.obj
                0x2000250c                lastButtonState
 .bss.lazy_vsnprintf
                0x20002510        0x4 CMakeFiles/your_project.dir/C_/Users/kanuk/clone/pico-sdk/src/rp2_common/pico_printf/printf.c.obj
 .bss.load_value
                0x20002514        0x4 CMakeFiles/your_project.dir/C_/Users/kanuk/clone/pico-sdk/src/rp2_common/hardware_watchdog/watchdog.c.obj
 .bss.next_buffer_ptr
                0x20002518        0x4 CMakeFiles/your_project.dir/C_/Users/kanuk/clone/pico-sdk/lib/tinyusb/src/portable/raspberrypi/rp2040/dcd_rp2040.c.obj
 .bss.object.0  0x2000251c       0x18 c:/progra~2/armgnu~1/12dbab~1.2re/bin/../lib/gcc/arm-none-eabi/12.2.1/thumb/v6-m/nofp/crtbegin.o
 .bss.one_shot_timer_crit_sec
                0x20002534        0x8 CMakeFiles/your_project.dir/C_/Users/kanuk/clone/pico-sdk/src/rp2_common/pico_stdio_usb/stdio_usb.c.obj
 .bss.pools     0x2000253c       0x10 CMakeFiles/your_project.dir/C_/Users/kanuk/clone/pico-sdk/src/common/pico_time/time.c.obj
 .bss.retrieved_id
                0x2000254c        0x8 CMakeFiles/your_project.dir/C_/Users/kanuk/clone/pico-sdk/src/rp2_common/pico_unique_id/unique_id.c.obj
 .bss.sf_clz_func
                0x20002554        0x4 CMakeFiles/your_project.dir/C_/Users/kanuk/clone/pico-sdk/src/rp2_common/pico_double/double_init_rom.c.obj
                0x20002554                sf_clz_func
 .bss.sleep_notifier
                0x20002558        0x4 CMakeFiles/your_project.dir/C_/Users/kanuk/clone/pico-sdk/src/common/pico_time/time.c.obj
 .bss.stdio_usb_mutex
                0x2000255c        0x8 CMakeFiles/your_project.dir/C_/Users/kanuk/clone/pico-sdk/src/rp2_common/pico_stdio_usb/stdio_usb.c.obj
 .bss.target_hi
                0x20002564       0x10 CMakeFiles/your_project.dir/C_/Users/kanuk/clone/pico-sdk/src/rp2_common/hardware_timer/timer.c.obj
 .bss.usbd_serial_str
                0x20002574       0x11 CMakeFiles/your_project.dir/C_/Users/kanuk/clone/pico-sdk/src/rp2_common/pico_stdio_usb/stdio_usb_descriptors.c.obj
 .bss._app_driver_count
                0x20002585        0x1 CMakeFiles/your_project.dir/C_/Users/kanuk/clone/pico-sdk/lib/tinyusb/src/device/usbd.c.obj
 .bss._sof_enable
                0x20002586        0x1 CMakeFiles/your_project.dir/C_/Users/kanuk/clone/pico-sdk/lib/tinyusb/src/portable/raspberrypi/rp2040/dcd_rp2040.c.obj
 .bss.boot2_copyout_valid
                0x20002587        0x1 CMakeFiles/your_project.dir/C_/Users/kanuk/clone/pico-sdk/src/rp2_common/hardware_flash/flash.c.obj
 .bss.claimed   0x20002588        0x1 CMakeFiles/your_project.dir/C_/Users/kanuk/clone/pico-sdk/src/rp2_common/hardware_timer/timer.c.obj
 .bss.irq_hander_chain_free_slot_head
                0x20002589        0x1 CMakeFiles/your_project.dir/C_/Users/kanuk/clone/pico-sdk/src/rp2_common/hardware_irq/irq.c.obj
 .bss.itf_num   0x2000258a        0x1 CMakeFiles/your_project.dir/C_/Users/kanuk/clone/pico-sdk/src/rp2_common/pico_stdio_usb/reset_interface.c.obj
 .bss.low_priority_irq_num
                0x2000258b        0x1 CMakeFiles/your_project.dir/C_/Users/kanuk/clone/pico-sdk/src/rp2_common/pico_stdio_usb/stdio_usb.c.obj
 .bss.one_shot_timer_pending
                0x2000258c        0x1 CMakeFiles/your_project.dir/C_/Users/kanuk/clone/pico-sdk/src/rp2_common/pico_stdio_usb/stdio_usb.c.obj
 .bss.timer_callbacks_pending
                0x2000258d        0x1 CMakeFiles/your_project.dir/C_/Users/kanuk/clone/pico-sdk/src/rp2_common/hardware_timer/timer.c.obj
 .bss.user_irq_claimed
                0x2000258e        0x1 CMakeFiles/your_project.dir/C_/Users/kanuk/clone/pico-sdk/src/rp2_common/hardware_irq/irq.c.obj
 *(COMMON)
                0x20002590                . = ALIGN (0x4)
 *fill*         0x2000258f        0x1 
                0x20002590                __bss_end__ = .

.heap           0x20002590      0x800
                0x20002590                __end__ = .
                0x20002590                end = __end__
 *(.heap*)
 .heap          0x20002590      0x800 CMakeFiles/your_project.dir/C_/Users/kanuk/clone/pico-sdk/src/rp2_common/pico_standard_link/crt0.S.obj
                0x20002d90                __HeapLimit = .

.stack1_dummy
 *(.stack1*)

.stack_dummy    0x20041000      0x800
 *(.stack*)
 .stack         0x20041000      0x800 CMakeFiles/your_project.dir/C_/Users/kanuk/clone/pico-sdk/src/rp2_common/pico_standard_link/crt0.S.obj

.flash_end      0x10009134        0x0
                0x10009134                __flash_binary_end = .
                0x20040000                __StackLimit = (ORIGIN (RAM) + LENGTH (RAM))
                0x20041000                __StackOneTop = (ORIGIN (SCRATCH_X) + LENGTH (SCRATCH_X))
                0x20042000                __StackTop = (ORIGIN (SCRATCH_Y) + LENGTH (SCRATCH_Y))
                0x20041000                __StackOneBottom = (__StackOneTop - SIZEOF (.stack1_dummy))
                0x20041800                __StackBottom = (__StackTop - SIZEOF (.stack_dummy))
                0x20042000                PROVIDE (__stack = __StackTop)
                0x00000001                ASSERT ((__StackLimit >= __HeapLimit), region RAM overflowed)
                0x00000001                ASSERT (((__binary_info_header_end - __logical_binary_start) <= 0x100), Binary info must be in first 256 bytes of the binary)
LOAD CMakeFiles/your_project.dir/main.cpp.obj
LOAD CMakeFiles/your_project.dir/C_/Users/kanuk/clone/pico-sdk/src/rp2_common/pico_stdlib/stdlib.c.obj
LOAD CMakeFiles/your_project.dir/C_/Users/kanuk/clone/pico-sdk/src/rp2_common/hardware_gpio/gpio.c.obj
LOAD CMakeFiles/your_project.dir/C_/Users/kanuk/clone/pico-sdk/src/rp2_common/pico_platform/platform.c.obj
LOAD CMakeFiles/your_project.dir/C_/Users/kanuk/clone/pico-sdk/src/rp2_common/hardware_claim/claim.c.obj
LOAD CMakeFiles/your_project.dir/C_/Users/kanuk/clone/pico-sdk/src/rp2_common/hardware_sync/sync.c.obj
LOAD CMakeFiles/your_project.dir/C_/Users/kanuk/clone/pico-sdk/src/rp2_common/hardware_irq/irq.c.obj
LOAD CMakeFiles/your_project.dir/C_/Users/kanuk/clone/pico-sdk/src/rp2_common/hardware_irq/irq_handler_chain.S.obj
LOAD CMakeFiles/your_project.dir/C_/Users/kanuk/clone/pico-sdk/src/common/pico_sync/sem.c.obj
LOAD CMakeFiles/your_project.dir/C_/Users/kanuk/clone/pico-sdk/src/common/pico_sync/lock_core.c.obj
LOAD CMakeFiles/your_project.dir/C_/Users/kanuk/clone/pico-sdk/src/common/pico_sync/mutex.c.obj
LOAD CMakeFiles/your_project.dir/C_/Users/kanuk/clone/pico-sdk/src/common/pico_sync/critical_section.c.obj
LOAD CMakeFiles/your_project.dir/C_/Users/kanuk/clone/pico-sdk/src/common/pico_time/time.c.obj
LOAD CMakeFiles/your_project.dir/C_/Users/kanuk/clone/pico-sdk/src/common/pico_time/timeout_helper.c.obj
LOAD CMakeFiles/your_project.dir/C_/Users/kanuk/clone/pico-sdk/src/rp2_common/hardware_timer/timer.c.obj
LOAD CMakeFiles/your_project.dir/C_/Users/kanuk/clone/pico-sdk/src/common/pico_util/datetime.c.obj
LOAD CMakeFiles/your_project.dir/C_/Users/kanuk/clone/pico-sdk/src/common/pico_util/pheap.c.obj
LOAD CMakeFiles/your_project.dir/C_/Users/kanuk/clone/pico-sdk/src/common/pico_util/queue.c.obj
LOAD CMakeFiles/your_project.dir/C_/Users/kanuk/clone/pico-sdk/src/rp2_common/hardware_uart/uart.c.obj
LOAD CMakeFiles/your_project.dir/C_/Users/kanuk/clone/pico-sdk/src/rp2_common/hardware_clocks/clocks.c.obj
LOAD CMakeFiles/your_project.dir/C_/Users/kanuk/clone/pico-sdk/src/rp2_common/hardware_pll/pll.c.obj
LOAD CMakeFiles/your_project.dir/C_/Users/kanuk/clone/pico-sdk/src/rp2_common/hardware_vreg/vreg.c.obj
LOAD CMakeFiles/your_project.dir/C_/Users/kanuk/clone/pico-sdk/src/rp2_common/hardware_watchdog/watchdog.c.obj
LOAD CMakeFiles/your_project.dir/C_/Users/kanuk/clone/pico-sdk/src/rp2_common/hardware_xosc/xosc.c.obj
LOAD CMakeFiles/your_project.dir/C_/Users/kanuk/clone/pico-sdk/src/rp2_common/hardware_divider/divider.S.obj
LOAD CMakeFiles/your_project.dir/C_/Users/kanuk/clone/pico-sdk/src/rp2_common/pico_runtime/runtime.c.obj
LOAD CMakeFiles/your_project.dir/C_/Users/kanuk/clone/pico-sdk/src/rp2_common/pico_printf/printf.c.obj
LOAD CMakeFiles/your_project.dir/C_/Users/kanuk/clone/pico-sdk/src/rp2_common/pico_bit_ops/bit_ops_aeabi.S.obj
LOAD CMakeFiles/your_project.dir/C_/Users/kanuk/clone/pico-sdk/src/rp2_common/pico_bootrom/bootrom.c.obj
LOAD CMakeFiles/your_project.dir/C_/Users/kanuk/clone/pico-sdk/src/rp2_common/pico_divider/divider.S.obj
LOAD CMakeFiles/your_project.dir/C_/Users/kanuk/clone/pico-sdk/src/rp2_common/pico_double/double_aeabi.S.obj
LOAD CMakeFiles/your_project.dir/C_/Users/kanuk/clone/pico-sdk/src/rp2_common/pico_double/double_init_rom.c.obj
LOAD CMakeFiles/your_project.dir/C_/Users/kanuk/clone/pico-sdk/src/rp2_common/pico_double/double_math.c.obj
LOAD CMakeFiles/your_project.dir/C_/Users/kanuk/clone/pico-sdk/src/rp2_common/pico_double/double_v1_rom_shim.S.obj
LOAD CMakeFiles/your_project.dir/C_/Users/kanuk/clone/pico-sdk/src/rp2_common/pico_int64_ops/pico_int64_ops_aeabi.S.obj
LOAD CMakeFiles/your_project.dir/C_/Users/kanuk/clone/pico-sdk/src/rp2_common/pico_float/float_aeabi.S.obj
LOAD CMakeFiles/your_project.dir/C_/Users/kanuk/clone/pico-sdk/src/rp2_common/pico_float/float_init_rom.c.obj
LOAD CMakeFiles/your_project.dir/C_/Users/kanuk/clone/pico-sdk/src/rp2_common/pico_float/float_math.c.obj
LOAD CMakeFiles/your_project.dir/C_/Users/kanuk/clone/pico-sdk/src/rp2_common/pico_float/float_v1_rom_shim.S.obj
LOAD CMakeFiles/your_project.dir/C_/Users/kanuk/clone/pico-sdk/src/rp2_common/pico_malloc/pico_malloc.c.obj
LOAD CMakeFiles/your_project.dir/C_/Users/kanuk/clone/pico-sdk/src/rp2_common/pico_mem_ops/mem_ops_aeabi.S.obj
LOAD CMakeFiles/your_project.dir/C_/Users/kanuk/clone/pico-sdk/src/rp2_common/pico_standard_link/crt0.S.obj
LOAD CMakeFiles/your_project.dir/C_/Users/kanuk/clone/pico-sdk/src/rp2_common/pico_standard_link/new_delete.cpp.obj
LOAD CMakeFiles/your_project.dir/C_/Users/kanuk/clone/pico-sdk/src/rp2_common/pico_standard_link/binary_info.c.obj
LOAD CMakeFiles/your_project.dir/C_/Users/kanuk/clone/pico-sdk/src/rp2_common/pico_stdio/stdio.c.obj
LOAD CMakeFiles/your_project.dir/C_/Users/kanuk/clone/pico-sdk/src/rp2_common/pico_stdio_usb/reset_interface.c.obj
LOAD CMakeFiles/your_project.dir/C_/Users/kanuk/clone/pico-sdk/src/rp2_common/pico_stdio_usb/stdio_usb.c.obj
LOAD CMakeFiles/your_project.dir/C_/Users/kanuk/clone/pico-sdk/src/rp2_common/pico_stdio_usb/stdio_usb_descriptors.c.obj
LOAD CMakeFiles/your_project.dir/C_/Users/kanuk/clone/pico-sdk/src/rp2_common/pico_unique_id/unique_id.c.obj
LOAD CMakeFiles/your_project.dir/C_/Users/kanuk/clone/pico-sdk/src/rp2_common/hardware_flash/flash.c.obj
LOAD CMakeFiles/your_project.dir/C_/Users/kanuk/clone/pico-sdk/lib/tinyusb/src/portable/raspberrypi/rp2040/dcd_rp2040.c.obj
LOAD CMakeFiles/your_project.dir/C_/Users/kanuk/clone/pico-sdk/lib/tinyusb/src/portable/raspberrypi/rp2040/rp2040_usb.c.obj
LOAD CMakeFiles/your_project.dir/C_/Users/kanuk/clone/pico-sdk/lib/tinyusb/src/device/usbd.c.obj
LOAD CMakeFiles/your_project.dir/C_/Users/kanuk/clone/pico-sdk/lib/tinyusb/src/device/usbd_control.c.obj